Microsoft Windows [Version 10.0.19041.867]
(c) Корпорация Майкрософт (Microsoft Corporation), 2020. Все права защищены.

C:\Users\Pupil>cd desktop

C:\Users\Pupil\Desktop>cd proj

C:\Users\Pupil\Desktop\proj>cd projectUfanet

C:\Users\Pupil\Desktop\proj\projectUfanet>node app.js
[ '003cdb552a234eea78c38ce18d22cb1f.jpeg' ]
success
(node:1716) [DEP0005] DeprecationWarning: Buffer() is deprecated due to security and usability issues. Please use the Buffer.alloc(), Buffer.allocUnsafe(), or Buffer.from() methods instead.
(Use `node --trace-deprecation ...` to show where the warning was created)
Express server listening on port 3001
[*] Occurent some error... [validTypeImage] == false
^C
C:\Users\Pupil\Desktop\proj\projectUfanet>cd client

C:\Users\Pupil\Desktop\proj\projectUfanet\client>npm start

> nodebootstraper-client@0.2.0 start
> react-scripts start

(node:13544) [DEP_WEBPACK_DEV_SERVER_ON_AFTER_SETUP_MIDDLEWARE] DeprecationWarning: 'onAfterSetupMiddleware' option is deprecated. Please use the 'setupMiddlewares' option.
(Use `node --trace-deprecation ...` to show where the warning was created)
(node:13544) [DEP_WEBPACK_DEV_SERVER_ON_BEFORE_SETUP_MIDDLEWARE] DeprecationWarning: 'onBeforeSetupMiddleware' option is deprecated. Please use the 'setupMiddlewares' option.
Starting the development server...
Compiled successfully!

You can now view nodebootstraper-client in the browser.

  Local:            http://localhost:3000
  On Your Network:  http://192.168.100.224:3000

Note that the development build is not optimized.
To create a production build, use npm run build.

asset static/js/bundle.js 2.75 MiB [emitted] (name: main) 1 related asset
asset index.html 454 bytes [emitted]
asset asset-manifest.json 190 bytes [emitted]
cached modules 2.45 MiB [cached] 220 modules
runtime modules 28.2 KiB 13 modules
webpack 5.68.0 compiled successfully in 3392 ms
Compiling...
Failed to compile.

Module not found: Error: Can't resolve 'rn-fetch-blob' in 'C:\Users\Pupil\Desktop\proj\projectUfanet\client\src\components\Home\UploadImage'
assets by chunk 2.76 MiB (name: main)
  asset static/js/bundle.js 2.76 MiB [emitted] (name: main) 1 related asset
  asset main.17314539f5b181b38adc.hot-update.js 5.87 KiB [emitted] [immutable] [hmr] (name: main) 1 related asset
assets by path *.json 343 bytes
  asset asset-manifest.json 315 bytes [emitted]
  asset main.17314539f5b181b38adc.hot-update.json 28 bytes [emitted] [immutable] [hmr]
asset index.html 454 bytes [emitted]
Entrypoint main 2.76 MiB (2.68 MiB) = static/js/bundle.js 2.76 MiB main.17314539f5b181b38adc.hot-update.js 5.87 KiB 2 auxiliary assets
cached modules 2.45 MiB [cached] 219 modules
runtime modules 28.2 KiB 13 modules
./src/components/Home/UploadImage/UploadImg.js 3.58 KiB [built] [code generated]

ERROR in ./src/components/Home/UploadImage/UploadImg.js 8:0-40
Module not found: Error: Can't resolve 'rn-fetch-blob' in 'C:\Users\Pupil\Desktop\proj\projectUfanet\client\src\components\Home\UploadImage'
resolve 'rn-fetch-blob' in 'C:\Users\Pupil\Desktop\proj\projectUfanet\client\src\components\Home\UploadImage'
  Parsed request is a module
  using description file: C:\Users\Pupil\Desktop\proj\projectUfanet\client\package.json (relative path: ./src/components/Home/UploadImage)
    Field 'browser' doesn't contain a valid alias configuration
    resolve as module
      C:\Users\Pupil\Desktop\proj\projectUfanet\client\src\components\Home\UploadImage\node_modules doesn't exist or is not a directory
      C:\Users\Pupil\Desktop\proj\projectUfanet\client\src\components\Home\node_modules doesn't exist or is not a directory
      C:\Users\Pupil\Desktop\proj\projectUfanet\client\src\components\node_modules doesn't exist or is not a directory
      C:\Users\Pupil\Desktop\proj\projectUfanet\client\src\node_modules doesn't exist or is not a directory
      looking for modules in C:\Users\Pupil\Desktop\proj\projectUfanet\client\node_modules
        single file module
          using description file: C:\Users\Pupil\Desktop\proj\projectUfanet\client\package.json (relative path: ./node_modules/rn-fetch-blob)
            no extension
              Field 'browser' doesn't contain a valid alias configuration
              C:\Users\Pupil\Desktop\proj\projectUfanet\client\node_modules\rn-fetch-blob doesn't exist
            .web.mjs
              Field 'browser' doesn't contain a valid alias configuration
              C:\Users\Pupil\Desktop\proj\projectUfanet\client\node_modules\rn-fetch-blob.web.mjs doesn't exist
            .mjs
              Field 'browser' doesn't contain a valid alias configuration
              C:\Users\Pupil\Desktop\proj\projectUfanet\client\node_modules\rn-fetch-blob.mjs doesn't exist
            .web.js
              Field 'browser' doesn't contain a valid alias configuration
              C:\Users\Pupil\Desktop\proj\projectUfanet\client\node_modules\rn-fetch-blob.web.js doesn't exist
            .js
              Field 'browser' doesn't contain a valid alias configuration
              C:\Users\Pupil\Desktop\proj\projectUfanet\client\node_modules\rn-fetch-blob.js doesn't exist
            .json
              Field 'browser' doesn't contain a valid alias configuration
              C:\Users\Pupil\Desktop\proj\projectUfanet\client\node_modules\rn-fetch-blob.json doesn't exist
            .web.jsx
              Field 'browser' doesn't contain a valid alias configuration
              C:\Users\Pupil\Desktop\proj\projectUfanet\client\node_modules\rn-fetch-blob.web.jsx doesn't exist
            .jsx
              Field 'browser' doesn't contain a valid alias configuration
              C:\Users\Pupil\Desktop\proj\projectUfanet\client\node_modules\rn-fetch-blob.jsx doesn't exist
        C:\Users\Pupil\Desktop\proj\projectUfanet\client\node_modules\rn-fetch-blob doesn't exist
      looking for modules in C:\Users\Pupil\Desktop\proj\projectUfanet\node_modules
        single file module
          using description file: C:\Users\Pupil\Desktop\proj\projectUfanet\package.json (relative path: ./node_modules/rn-fetch-blob)
            no extension
              Field 'browser' doesn't contain a valid alias configuration
              C:\Users\Pupil\Desktop\proj\projectUfanet\node_modules\rn-fetch-blob doesn't exist
            .web.mjs
              Field 'browser' doesn't contain a valid alias configuration
              C:\Users\Pupil\Desktop\proj\projectUfanet\node_modules\rn-fetch-blob.web.mjs doesn't exist
            .mjs
              Field 'browser' doesn't contain a valid alias configuration
              C:\Users\Pupil\Desktop\proj\projectUfanet\node_modules\rn-fetch-blob.mjs doesn't exist
            .web.js
              Field 'browser' doesn't contain a valid alias configuration
              C:\Users\Pupil\Desktop\proj\projectUfanet\node_modules\rn-fetch-blob.web.js doesn't exist
            .js
              Field 'browser' doesn't contain a valid alias configuration
              C:\Users\Pupil\Desktop\proj\projectUfanet\node_modules\rn-fetch-blob.js doesn't exist
            .json
              Field 'browser' doesn't contain a valid alias configuration
              C:\Users\Pupil\Desktop\proj\projectUfanet\node_modules\rn-fetch-blob.json doesn't exist
            .web.jsx
              Field 'browser' doesn't contain a valid alias configuration
              C:\Users\Pupil\Desktop\proj\projectUfanet\node_modules\rn-fetch-blob.web.jsx doesn't exist
            .jsx
              Field 'browser' doesn't contain a valid alias configuration
              C:\Users\Pupil\Desktop\proj\projectUfanet\node_modules\rn-fetch-blob.jsx doesn't exist
        C:\Users\Pupil\Desktop\proj\projectUfanet\node_modules\rn-fetch-blob doesn't exist
      C:\Users\Pupil\Desktop\proj\node_modules doesn't exist or is not a directory
      C:\Users\Pupil\Desktop\node_modules doesn't exist or is not a directory
      C:\Users\Pupil\node_modules doesn't exist or is not a directory
      C:\Users\node_modules doesn't exist or is not a directory
      C:\node_modules doesn't exist or is not a directory
      looking for modules in C:\Users\Pupil\Desktop\proj\projectUfanet\client\node_modules
        single file module
          using description file: C:\Users\Pupil\Desktop\proj\projectUfanet\client\package.json (relative path: ./node_modules/rn-fetch-blob)
            no extension
              Field 'browser' doesn't contain a valid alias configuration
              C:\Users\Pupil\Desktop\proj\projectUfanet\client\node_modules\rn-fetch-blob doesn't exist
            .web.mjs
              Field 'browser' doesn't contain a valid alias configuration
              C:\Users\Pupil\Desktop\proj\projectUfanet\client\node_modules\rn-fetch-blob.web.mjs doesn't exist
            .mjs
              Field 'browser' doesn't contain a valid alias configuration
              C:\Users\Pupil\Desktop\proj\projectUfanet\client\node_modules\rn-fetch-blob.mjs doesn't exist
            .web.js
              Field 'browser' doesn't contain a valid alias configuration
              C:\Users\Pupil\Desktop\proj\projectUfanet\client\node_modules\rn-fetch-blob.web.js doesn't exist
            .js
              Field 'browser' doesn't contain a valid alias configuration
              C:\Users\Pupil\Desktop\proj\projectUfanet\client\node_modules\rn-fetch-blob.js doesn't exist
            .json
              Field 'browser' doesn't contain a valid alias configuration
              C:\Users\Pupil\Desktop\proj\projectUfanet\client\node_modules\rn-fetch-blob.json doesn't exist
            .web.jsx
              Field 'browser' doesn't contain a valid alias configuration
              C:\Users\Pupil\Desktop\proj\projectUfanet\client\node_modules\rn-fetch-blob.web.jsx doesn't exist
            .jsx
              Field 'browser' doesn't contain a valid alias configuration
              C:\Users\Pupil\Desktop\proj\projectUfanet\client\node_modules\rn-fetch-blob.jsx doesn't exist
        C:\Users\Pupil\Desktop\proj\projectUfanet\client\node_modules\rn-fetch-blob doesn't exist
 @ ./src/components/Home/index.js 6:0-60 21:45-66
 @ ./src/App.js 7:0-37 27:25-29
 @ ./src/index.js 7:0-24 12:33-36

webpack 5.68.0 compiled with 1 error in 686 ms
Compiling...
Failed to compile.

Module not found: Error: Can't resolve 'rn-fetch-blob' in 'C:\Users\Pupil\Desktop\proj\projectUfanet\client\src\components\Home\UploadImage'
assets by chunk 2.76 MiB (name: main)
  asset static/js/bundle.js 2.76 MiB [emitted] (name: main) 1 related asset
  asset main.89400258c612ab8819b2.hot-update.js 5.85 KiB [emitted] [immutable] [hmr] (name: main) 1 related asset
assets by path *.json 343 bytes
  asset asset-manifest.json 315 bytes [emitted]
  asset main.89400258c612ab8819b2.hot-update.json 28 bytes [emitted] [immutable] [hmr]
asset index.html 454 bytes [emitted]
Entrypoint main 2.76 MiB (2.68 MiB) = static/js/bundle.js 2.76 MiB main.89400258c612ab8819b2.hot-update.js 5.85 KiB 2 auxiliary assets
cached modules 2.45 MiB [cached] 219 modules
runtime modules 28.2 KiB 13 modules
./src/components/Home/UploadImage/UploadImg.js 3.55 KiB [built] [code generated]

ERROR in ./src/components/Home/UploadImage/UploadImg.js 8:0-40
Module not found: Error: Can't resolve 'rn-fetch-blob' in 'C:\Users\Pupil\Desktop\proj\projectUfanet\client\src\components\Home\UploadImage'
resolve 'rn-fetch-blob' in 'C:\Users\Pupil\Desktop\proj\projectUfanet\client\src\components\Home\UploadImage'
  Parsed request is a module
  using description file: C:\Users\Pupil\Desktop\proj\projectUfanet\client\package.json (relative path: ./src/components/Home/UploadImage)
    Field 'browser' doesn't contain a valid alias configuration
    resolve as module
      C:\Users\Pupil\Desktop\proj\projectUfanet\client\src\components\Home\UploadImage\node_modules doesn't exist or is not a directory
      C:\Users\Pupil\Desktop\proj\projectUfanet\client\src\components\Home\node_modules doesn't exist or is not a directory
      C:\Users\Pupil\Desktop\proj\projectUfanet\client\src\components\node_modules doesn't exist or is not a directory
      C:\Users\Pupil\Desktop\proj\projectUfanet\client\src\node_modules doesn't exist or is not a directory
      looking for modules in C:\Users\Pupil\Desktop\proj\projectUfanet\client\node_modules
        single file module
          using description file: C:\Users\Pupil\Desktop\proj\projectUfanet\client\package.json (relative path: ./node_modules/rn-fetch-blob)
            no extension
              Field 'browser' doesn't contain a valid alias configuration
              C:\Users\Pupil\Desktop\proj\projectUfanet\client\node_modules\rn-fetch-blob doesn't exist
            .web.mjs
              Field 'browser' doesn't contain a valid alias configuration
              C:\Users\Pupil\Desktop\proj\projectUfanet\client\node_modules\rn-fetch-blob.web.mjs doesn't exist
            .mjs
              Field 'browser' doesn't contain a valid alias configuration
              C:\Users\Pupil\Desktop\proj\projectUfanet\client\node_modules\rn-fetch-blob.mjs doesn't exist
            .web.js
              Field 'browser' doesn't contain a valid alias configuration
              C:\Users\Pupil\Desktop\proj\projectUfanet\client\node_modules\rn-fetch-blob.web.js doesn't exist
            .js
              Field 'browser' doesn't contain a valid alias configuration
              C:\Users\Pupil\Desktop\proj\projectUfanet\client\node_modules\rn-fetch-blob.js doesn't exist
            .json
              Field 'browser' doesn't contain a valid alias configuration
              C:\Users\Pupil\Desktop\proj\projectUfanet\client\node_modules\rn-fetch-blob.json doesn't exist
            .web.jsx
              Field 'browser' doesn't contain a valid alias configuration
              C:\Users\Pupil\Desktop\proj\projectUfanet\client\node_modules\rn-fetch-blob.web.jsx doesn't exist
            .jsx
              Field 'browser' doesn't contain a valid alias configuration
              C:\Users\Pupil\Desktop\proj\projectUfanet\client\node_modules\rn-fetch-blob.jsx doesn't exist
        C:\Users\Pupil\Desktop\proj\projectUfanet\client\node_modules\rn-fetch-blob doesn't exist
      looking for modules in C:\Users\Pupil\Desktop\proj\projectUfanet\node_modules
        single file module
          using description file: C:\Users\Pupil\Desktop\proj\projectUfanet\package.json (relative path: ./node_modules/rn-fetch-blob)
            no extension
              Field 'browser' doesn't contain a valid alias configuration
              C:\Users\Pupil\Desktop\proj\projectUfanet\node_modules\rn-fetch-blob doesn't exist
            .web.mjs
              Field 'browser' doesn't contain a valid alias configuration
              C:\Users\Pupil\Desktop\proj\projectUfanet\node_modules\rn-fetch-blob.web.mjs doesn't exist
            .mjs
              Field 'browser' doesn't contain a valid alias configuration
              C:\Users\Pupil\Desktop\proj\projectUfanet\node_modules\rn-fetch-blob.mjs doesn't exist
            .web.js
              Field 'browser' doesn't contain a valid alias configuration
              C:\Users\Pupil\Desktop\proj\projectUfanet\node_modules\rn-fetch-blob.web.js doesn't exist
            .js
              Field 'browser' doesn't contain a valid alias configuration
              C:\Users\Pupil\Desktop\proj\projectUfanet\node_modules\rn-fetch-blob.js doesn't exist
            .json
              Field 'browser' doesn't contain a valid alias configuration
              C:\Users\Pupil\Desktop\proj\projectUfanet\node_modules\rn-fetch-blob.json doesn't exist
            .web.jsx
              Field 'browser' doesn't contain a valid alias configuration
              C:\Users\Pupil\Desktop\proj\projectUfanet\node_modules\rn-fetch-blob.web.jsx doesn't exist
            .jsx
              Field 'browser' doesn't contain a valid alias configuration
              C:\Users\Pupil\Desktop\proj\projectUfanet\node_modules\rn-fetch-blob.jsx doesn't exist
        C:\Users\Pupil\Desktop\proj\projectUfanet\node_modules\rn-fetch-blob doesn't exist
      C:\Users\Pupil\Desktop\proj\node_modules doesn't exist or is not a directory
      C:\Users\Pupil\Desktop\node_modules doesn't exist or is not a directory
      C:\Users\Pupil\node_modules doesn't exist or is not a directory
      C:\Users\node_modules doesn't exist or is not a directory
      C:\node_modules doesn't exist or is not a directory
      looking for modules in C:\Users\Pupil\Desktop\proj\projectUfanet\client\node_modules
        single file module
          using description file: C:\Users\Pupil\Desktop\proj\projectUfanet\client\package.json (relative path: ./node_modules/rn-fetch-blob)
            no extension
              Field 'browser' doesn't contain a valid alias configuration
              C:\Users\Pupil\Desktop\proj\projectUfanet\client\node_modules\rn-fetch-blob doesn't exist
            .web.mjs
              Field 'browser' doesn't contain a valid alias configuration
              C:\Users\Pupil\Desktop\proj\projectUfanet\client\node_modules\rn-fetch-blob.web.mjs doesn't exist
            .mjs
              Field 'browser' doesn't contain a valid alias configuration
              C:\Users\Pupil\Desktop\proj\projectUfanet\client\node_modules\rn-fetch-blob.mjs doesn't exist
            .web.js
              Field 'browser' doesn't contain a valid alias configuration
              C:\Users\Pupil\Desktop\proj\projectUfanet\client\node_modules\rn-fetch-blob.web.js doesn't exist
            .js
              Field 'browser' doesn't contain a valid alias configuration
              C:\Users\Pupil\Desktop\proj\projectUfanet\client\node_modules\rn-fetch-blob.js doesn't exist
            .json
              Field 'browser' doesn't contain a valid alias configuration
              C:\Users\Pupil\Desktop\proj\projectUfanet\client\node_modules\rn-fetch-blob.json doesn't exist
            .web.jsx
              Field 'browser' doesn't contain a valid alias configuration
              C:\Users\Pupil\Desktop\proj\projectUfanet\client\node_modules\rn-fetch-blob.web.jsx doesn't exist
            .jsx
              Field 'browser' doesn't contain a valid alias configuration
              C:\Users\Pupil\Desktop\proj\projectUfanet\client\node_modules\rn-fetch-blob.jsx doesn't exist
        C:\Users\Pupil\Desktop\proj\projectUfanet\client\node_modules\rn-fetch-blob doesn't exist
 @ ./src/components/Home/index.js 6:0-60 21:45-66
 @ ./src/App.js 7:0-37 27:25-29
 @ ./src/index.js 7:0-24 12:33-36

webpack 5.68.0 compiled with 1 error in 301 ms
Завершить выполнение пакетного файла [Y(да)/N(нет)]?
^C
C:\Users\Pupil\Desktop\proj\projectUfanet\client>npm run build

> nodebootstraper-client@0.2.0 build
> react-scripts build

Creating an optimized production build...
Failed to compile.

Module not found: Error: Can't resolve 'rn-fetch-blob' in 'C:\Users\Pupil\Desktop\proj\projectUfanet\client\src\components\Home\UploadImage'



C:\Users\Pupil\Desktop\proj\projectUfanet\client>cd ..

C:\Users\Pupil\Desktop\proj\projectUfanet>npm start

> nodebootstraper@5.0.0 start
> node app.js

[ '003cdb552a234eea78c38ce18d22cb1f.jpeg' ]
success
(node:11348) [DEP0005] DeprecationWarning: Buffer() is deprecated due to security and usability issues. Please use the Buffer.alloc(), Buffer.allocUnsafe(), or Buffer.from() methods instead.
(Use `node --trace-deprecation ...` to show where the warning was created)
Express server listening on port 3001
[*] Occurent some error... [validTypeImage] == false
Завершить выполнение пакетного файла [Y(да)/N(нет)]?
^C
C:\Users\Pupil\Desktop\proj\projectUfanet>npm start

> nodebootstraper@5.0.0 start
> node app.js

[ '003cdb552a234eea78c38ce18d22cb1f.jpeg' ]
success
(node:13008) [DEP0005] DeprecationWarning: Buffer() is deprecated due to security and usability issues. Please use the Buffer.alloc(), Buffer.allocUnsafe(), or Buffer.from() methods instead.
(Use `node --trace-deprecation ...` to show where the warning was created)
Express server listening on port 3001
[*] Occurent some error... [validTypeImage] == false
Завершить выполнение пакетного файла [Y(да)/N(нет)]?
^C
C:\Users\Pupil\Desktop\proj\projectUfanet>

C:\Users\Pupil\Desktop\proj\projectUfanet>cd client

C:\Users\Pupil\Desktop\proj\projectUfanet\client>npm run build

> nodebootstraper-client@0.2.0 build
> react-scripts build

Creating an optimized production build...
Compiled successfully.

File sizes after gzip:

  78.61 kB  build\static\js\main.b9d6d061.js
  24.44 kB  build\static\css\main.967b6dc5.css

The project was built assuming it is hosted at /.
You can control this with the homepage field in your package.json.

The build folder is ready to be deployed.
You may serve it with a static server:

  npm install -g serve
  serve -s build

Find out more about deployment here:

  https://cra.link/deployment


C:\Users\Pupil\Desktop\proj\projectUfanet\client>cd ..

C:\Users\Pupil\Desktop\proj\projectUfanet>npm start

> nodebootstraper@5.0.0 start
> node app.js

[ '003cdb552a234eea78c38ce18d22cb1f.jpeg' ]
success
(node:14988) [DEP0005] DeprecationWarning: Buffer() is deprecated due to security and usability issues. Please use the Buffer.alloc(), Buffer.allocUnsafe(), or Buffer.from() methods instead.
(Use `node --trace-deprecation ...` to show where the warning was created)
Express server listening on port 3001
[*] Occurent some error... [validTypeImage] == false
GET / 200 3.830 ms - 487
GET /static/css/main.967b6dc5.css 200 1.374 ms - 166808
GET /static/js/main.b9d6d061.js 200 1.646 ms - 258997
GET /service-worker.js 200 0.729 ms - 3152
GET /manifest.json 200 1.338 ms - 298
GET /service-worker.js 304 0.736 ms - -
GET /index.html?_sw-precache=c52346cb33a7eae30731fe09b8bf7828 200 2.720 ms - 487
GET /static/css/main.cacbacc7.css 200 3.048 ms - 487
GET /static/js/main.521cf01a.js 200 4.026 ms - 487
GET / 200 1.207 ms - 487
GET /static/css/main.967b6dc5.css 200 1.137 ms - 166808
GET /static/js/main.b9d6d061.js 200 1.246 ms - 258997
GET /manifest.json 304 0.735 ms - -
GET /service-worker.js 200 2.164 ms - 3152
Завершить выполнение пакетного файла [Y(да)/N(нет)]?
^C
C:\Users\Pupil\Desktop\proj\projectUfanet>npm start

> nodebootstraper@5.0.0 start
> node app.js

[ '003cdb552a234eea78c38ce18d22cb1f.jpeg' ]
success
(node:1776) [DEP0005] DeprecationWarning: Buffer() is deprecated due to security and usability issues. Please use the Buffer.alloc(), Buffer.allocUnsafe(), or Buffer.from() methods instead.
(Use `node --trace-deprecation ...` to show where the warning was created)
Express server listening on port 3001
[*] Occurent some error... [validTypeImage] == false
Завершить выполнение пакетного файла [Y(да)/N(нет)]? npm start
^C
C:\Users\Pupil\Desktop\proj\projectUfanet>cd client

C:\Users\Pupil\Desktop\proj\projectUfanet\client>npm run build

> nodebootstraper-client@0.2.0 build
> react-scripts build

Creating an optimized production build...
Compiled successfully.

File sizes after gzip:

  78.68 kB (+73 B)  build\static\js\main.bad19307.js
  24.44 kB          build\static\css\main.967b6dc5.css

The project was built assuming it is hosted at /.
You can control this with the homepage field in your package.json.

The build folder is ready to be deployed.
You may serve it with a static server:

  npm install -g serve
  serve -s build

Find out more about deployment here:

  https://cra.link/deployment


C:\Users\Pupil\Desktop\proj\projectUfanet\client>cd ..

C:\Users\Pupil\Desktop\proj\projectUfanet>npm start

> nodebootstraper@5.0.0 start
> node app.js

[ '003cdb552a234eea78c38ce18d22cb1f.jpeg' ]
success
(node:11056) [DEP0005] DeprecationWarning: Buffer() is deprecated due to security and usability issues. Please use the Buffer.alloc(), Buffer.allocUnsafe(), or Buffer.from() methods instead.
(Use `node --trace-deprecation ...` to show where the warning was created)
Express server listening on port 3001
[*] Occurent some error... [validTypeImage] == false
GET / 200 3.581 ms - 487
GET /static/css/main.967b6dc5.css 200 1.319 ms - 166808
GET /static/js/main.bad19307.js 200 1.579 ms - 259133
GET /manifest.json 304 0.958 ms - -
GET / 200 0.901 ms - 487
GET /static/css/main.967b6dc5.css 200 0.680 ms - 166808
GET /static/js/main.bad19307.js 200 1.070 ms - 259133
GET /manifest.json 304 0.937 ms - -
GET / 200 0.799 ms - 487
GET /static/css/main.967b6dc5.css 200 0.901 ms - 166808
GET /static/js/main.bad19307.js 200 1.017 ms - 259133
GET /manifest.json 304 0.727 ms - -
GET / 200 0.707 ms - 487
GET /static/css/main.967b6dc5.css 200 1.006 ms - 166808
GET /static/js/main.bad19307.js 200 1.284 ms - 259133
GET /manifest.json 304 0.539 ms - -
GET / 200 0.466 ms - 487
GET /static/css/main.967b6dc5.css 200 0.588 ms - 166808
GET /static/js/main.bad19307.js 200 0.796 ms - 259133
GET /manifest.json 304 0.525 ms - -
GET /static/css/main.967b6dc5.css 304 1.111 ms - -
GET /static/js/main.b9d6d061.js 200 2.266 ms - 487
GET /manifest.json 304 0.298 ms - -
GET /static/css/main.967b6dc5.css 304 0.481 ms - -
GET /static/js/main.b9d6d061.js 304 1.158 ms - -
GET /manifest.json 304 0.387 ms - -
GET /static/css/main.967b6dc5.css 304 0.322 ms - -
GET /static/js/main.b9d6d061.js 304 1.139 ms - -
GET /manifest.json 304 0.352 ms - -
GET /service-worker.js 304 0.632 ms - -
GET /manifest.json 304 0.633 ms - -
GET /static/css/main.967b6dc5.css 304 0.755 ms - -
GET /static/css/main.967b6dc5.css.map 200 0.614 ms - 523164
GET /static/css/main.967b6dc5.css 304 0.333 ms - -
GET /static/js/main.b9d6d061.js 304 1.014 ms - -
GET /manifest.json 304 0.322 ms - -
GET /static/css/main.967b6dc5.css.map 200 0.747 ms - 523164
GET /static/css/main.967b6dc5.css 304 0.286 ms - -
GET /static/js/main.b9d6d061.js 304 1.142 ms - -
GET /manifest.json 304 0.429 ms - -
GET /static/css/main.967b6dc5.css.map 200 0.590 ms - 523164
GET /static/css/main.967b6dc5.css 304 0.317 ms - -
GET /static/js/main.b9d6d061.js 304 1.027 ms - -
GET /manifest.json 304 0.475 ms - -
GET /static/css/main.967b6dc5.css.map 200 1.169 ms - 523164
GET / 200 0.572 ms - 487
GET /static/css/main.967b6dc5.css 200 0.751 ms - 166808
GET /static/js/main.bad19307.js 200 1.569 ms - 259133
GET /static/css/main.967b6dc5.css.map 200 0.724 ms - 523164
GET /static/js/main.bad19307.js.map 200 0.601 ms - 828076
GET /manifest.json 304 0.547 ms - -
GET / 200 0.689 ms - 487
GET /static/css/main.967b6dc5.css 200 0.588 ms - 166808
GET /static/js/main.bad19307.js 200 0.667 ms - 259133
GET /static/js/main.bad19307.js.map 200 0.769 ms - 828076
GET /manifest.json 304 0.578 ms - -
GET /static/css/main.967b6dc5.css.map 200 1.335 ms - 523164
GET / 200 0.678 ms - 487
GET /static/css/main.967b6dc5.css 200 0.664 ms - 166808
GET /static/js/main.bad19307.js 200 0.799 ms - 259133
GET /static/js/main.bad19307.js.map 200 0.722 ms - 828076
GET /manifest.json 304 0.791 ms - -
GET /static/css/main.967b6dc5.css.map 200 1.831 ms - 523164
GET / 200 0.682 ms - 487
GET /static/css/main.967b6dc5.css 200 1.394 ms - 166808
GET /static/js/main.bad19307.js 200 1.469 ms - 259133
GET /static/js/main.bad19307.js.map 200 0.480 ms - 828076
GET /manifest.json 304 0.407 ms - -
GET /static/css/main.967b6dc5.css.map 200 0.570 ms - 523164
GET / 200 1.022 ms - 487
GET /static/css/main.967b6dc5.css 200 0.628 ms - 166808
GET /static/js/main.bad19307.js 200 0.736 ms - 259133
GET /static/css/main.967b6dc5.css.map 200 0.513 ms - 523164
GET /static/js/main.bad19307.js.map 200 0.646 ms - 828076
GET /manifest.json 304 0.329 ms - -
GET / 200 0.602 ms - 487
GET /static/js/main.bad19307.js 200 0.903 ms - 259133
GET /static/css/main.967b6dc5.css 200 0.681 ms - 166808
GET /static/js/main.bad19307.js.map 200 0.470 ms - 828076
GET /manifest.json 304 0.552 ms - -
GET /static/css/main.967b6dc5.css.map 200 0.975 ms - 523164
GET /service-worker.js 304 0.434 ms - -
GET / 200 0.875 ms - 487
GET /static/css/main.967b6dc5.css 200 0.608 ms - 166808
GET /static/js/main.bad19307.js 200 0.711 ms - 259133
GET /static/js/main.bad19307.js.map 200 0.603 ms - 828076
GET /manifest.json 304 0.635 ms - -
GET /static/css/main.967b6dc5.css.map 200 1.020 ms - 523164
Завершить выполнение пакетного файла [Y(да)/N(нет)]? y

C:\Users\Pupil\Desktop\proj\projectUfanet>cd client

C:\Users\Pupil\Desktop\proj\projectUfanet\client>npm run build

> nodebootstraper-client@0.2.0 build
> react-scripts build

Creating an optimized production build...
Compiled successfully.

File sizes after gzip:

  78.65 kB (-29 B)  build\static\js\main.21113945.js
  24.44 kB          build\static\css\main.967b6dc5.css

The project was built assuming it is hosted at /.
You can control this with the homepage field in your package.json.

The build folder is ready to be deployed.
You may serve it with a static server:

  npm install -g serve
  serve -s build

Find out more about deployment here:

  https://cra.link/deployment


C:\Users\Pupil\Desktop\proj\projectUfanet\client>cd ..

C:\Users\Pupil\Desktop\proj\projectUfanet>npm start

> nodebootstraper@5.0.0 start
> node app.js

[ '003cdb552a234eea78c38ce18d22cb1f.jpeg' ]
success
(node:13204) [DEP0005] DeprecationWarning: Buffer() is deprecated due to security and usability issues. Please use the Buffer.alloc(), Buffer.allocUnsafe(), or Buffer.from() methods instead.
(Use `node --trace-deprecation ...` to show where the warning was created)
Express server listening on port 3001
[*] Occurent some error... [validTypeImage] == false
GET / 200 3.681 ms - 487
GET /static/css/main.967b6dc5.css 200 1.456 ms - 166808
GET /static/js/main.21113945.js 200 1.727 ms - 259098
GET /static/css/main.967b6dc5.css.map 200 0.596 ms - 523164
GET /static/js/main.21113945.js.map 200 0.716 ms - 828025
GET /service-worker.js 200 0.936 ms - 3152
GET /manifest.json 304 0.755 ms - -
GET / 200 1.112 ms - 487
GET /static/css/main.967b6dc5.css 200 0.943 ms - 166808
GET /static/js/main.21113945.js 200 1.276 ms - 259098
GET /service-worker.js 200 0.842 ms - 3152
GET /manifest.json 304 0.884 ms - -
GET / 200 0.665 ms - 487
GET /static/css/main.967b6dc5.css 200 0.746 ms - 166808
GET /static/js/main.21113945.js 200 1.013 ms - 259098
GET /service-worker.js 200 0.858 ms - 3152
GET /manifest.json 304 0.530 ms - -
POST / 404 14.870 ms - 140
GET /service-worker.js 304 0.525 ms - -
GET /manifest.json 304 0.295 ms - -
GET /service-worker.js 304 0.453 ms - -
GET /manifest.json 304 0.303 ms - -
GET /service-worker.js 304 0.355 ms - -
GET /manifest.json 304 0.328 ms - -
GET /static/css/main.967b6dc5.css 304 1.409 ms - -
GET /static/js/main.b9d6d061.js 200 2.651 ms - 487
GET /manifest.json 304 0.435 ms - -
GET /service-worker.js 304 0.372 ms - -
GET / 200 0.808 ms - 487
GET /static/css/main.967b6dc5.css 200 0.601 ms - 166808
GET /static/js/main.21113945.js 200 0.679 ms - 259098
GET /service-worker.js 200 0.929 ms - 3152
GET /manifest.json 304 0.505 ms - -
GET /static/css/main.967b6dc5.css 304 0.412 ms - -
GET /static/js/main.b9d6d061.js 304 1.111 ms - -
GET /manifest.json 304 0.271 ms - -
GET /service-worker.js 304 0.325 ms - -
GET /static/css/main.967b6dc5.css 304 0.472 ms - -
GET /static/js/main.b9d6d061.js 304 1.468 ms - -
GET /manifest.json 304 0.383 ms - -
GET /service-worker.js 304 0.318 ms - -
Завершить выполнение пакетного файла [Y(да)/N(нет)]?
^C
C:\Users\Pupil\Desktop\proj\projectUfanet>cd client

C:\Users\Pupil\Desktop\proj\projectUfanet\client>npm run build

> nodebootstraper-client@0.2.0 build
> react-scripts build

Creating an optimized production build...
Compiled successfully.

File sizes after gzip:

  78.63 kB (-28 B)  build\static\js\main.84b9e405.js
  24.44 kB          build\static\css\main.967b6dc5.css

The project was built assuming it is hosted at /.
You can control this with the homepage field in your package.json.

The build folder is ready to be deployed.
You may serve it with a static server:

  npm install -g serve
  serve -s build

Find out more about deployment here:

  https://cra.link/deployment


C:\Users\Pupil\Desktop\proj\projectUfanet\client>cd ..

C:\Users\Pupil\Desktop\proj\projectUfanet>npm start

> nodebootstraper@5.0.0 start
> node app.js

[ '003cdb552a234eea78c38ce18d22cb1f.jpeg' ]
success
(node:9480) [DEP0005] DeprecationWarning: Buffer() is deprecated due to security and usability issues. Please use the Buffer.alloc(), Buffer.allocUnsafe(), or Buffer.from() methods instead.
(Use `node --trace-deprecation ...` to show where the warning was created)
Express server listening on port 3001
[*] Occurent some error... [validTypeImage] == false
GET / 200 3.777 ms - 487
GET /static/css/main.967b6dc5.css 200 1.264 ms - 166808
GET /static/js/main.84b9e405.js 200 1.515 ms - 259047
GET /manifest.json 304 1.078 ms - -
GET /static/css/main.967b6dc5.css 304 0.572 ms - -
GET /static/js/main.b9d6d061.js 200 2.485 ms - 487
GET /manifest.json 304 0.357 ms - -
GET /service-worker.js 304 0.590 ms - -
GET /service-worker.js 304 0.701 ms - -
GET /static/css/main.967b6dc5.css 304 0.988 ms - -
GET /manifest.json 304 1.371 ms - -
GET /static/css/main.967b6dc5.css.map 200 0.685 ms - 523164
GET /static/css/main.967b6dc5.css 304 0.543 ms - -
GET /static/js/main.b9d6d061.js 304 1.568 ms - -
GET /manifest.json 304 0.444 ms - -
GET /static/css/main.967b6dc5.css.map 200 0.732 ms - 523164
GET /static/css/main.967b6dc5.css 304 0.342 ms - -
GET /static/js/main.b9d6d061.js 304 1.367 ms - -
GET /manifest.json 304 0.525 ms - -
GET /static/css/main.967b6dc5.css.map 200 0.735 ms - 523164
GET /static/js/main.b9d6d061.js 304 1.280 ms - -
GET /static/css/main.967b6dc5.css 304 1.067 ms - -
GET /manifest.json 304 0.412 ms - -
GET /static/css/main.967b6dc5.css.map 200 0.658 ms - 523164
GET /static/js/main.b9d6d061.js 304 0.568 ms - -
GET /static/css/main.967b6dc5.css 304 0.355 ms - -
GET /manifest.json 304 0.401 ms - -
GET /static/css/main.967b6dc5.css.map 200 0.892 ms - 523164
GET /static/css/main.967b6dc5.css 304 0.404 ms - -
GET /static/js/main.b9d6d061.js 304 1.134 ms - -
GET /manifest.json 304 0.386 ms - -
GET /static/css/main.967b6dc5.css.map 200 0.817 ms - 523164
GET /static/css/main.967b6dc5.css 304 0.320 ms - -
GET /static/js/main.b9d6d061.js 304 1.198 ms - -
GET /manifest.json 304 0.851 ms - -
GET /static/css/main.967b6dc5.css.map 200 0.997 ms - 523164
GET /static/css/main.967b6dc5.css 304 0.284 ms - -
GET /static/js/main.b9d6d061.js 304 0.994 ms - -
GET /manifest.json 304 0.460 ms - -
GET /static/css/main.967b6dc5.css.map 200 0.727 ms - 523164
GET /static/css/main.967b6dc5.css 304 0.358 ms - -
GET /static/js/main.b9d6d061.js 304 1.266 ms - -
GET /manifest.json 304 0.381 ms - -
GET /static/css/main.967b6dc5.css.map 200 0.621 ms - 523164
GET / 200 0.536 ms - 487
GET /static/css/main.967b6dc5.css 200 1.155 ms - 166808
GET /static/js/main.84b9e405.js 200 0.934 ms - 259047
GET /static/css/main.967b6dc5.css.map 200 0.505 ms - 523164
GET /static/js/main.84b9e405.js.map 200 0.640 ms - 827939
GET /manifest.json 304 0.902 ms - -
GET /service-worker.js 304 0.386 ms - -
Завершить выполнение пакетного файла [Y(да)/N(нет)]?
^CСистеме не удается открыть указанное устройство или файл.

C:\Users\Pupil\Desktop\proj\projectUfanet>cd client

C:\Users\Pupil\Desktop\proj\projectUfanet\client>npm run build

> nodebootstraper-client@0.2.0 build
> react-scripts build

Creating an optimized production build...
Compiled successfully.

File sizes after gzip:

  78.62 kB (-5 B)  build\static\js\main.40281cdd.js
  24.44 kB         build\static\css\main.967b6dc5.css

The project was built assuming it is hosted at /.
You can control this with the homepage field in your package.json.

The build folder is ready to be deployed.
You may serve it with a static server:

  npm install -g serve
  serve -s build

Find out more about deployment here:

  https://cra.link/deployment


C:\Users\Pupil\Desktop\proj\projectUfanet\client>cd ..

C:\Users\Pupil\Desktop\proj\projectUfanet>npm start

> nodebootstraper@5.0.0 start
> node app.js

[ '003cdb552a234eea78c38ce18d22cb1f.jpeg' ]
success
(node:12896) [DEP0005] DeprecationWarning: Buffer() is deprecated due to security and usability issues. Please use the Buffer.alloc(), Buffer.allocUnsafe(), or Buffer.from() methods instead.
(Use `node --trace-deprecation ...` to show where the warning was created)
Express server listening on port 3001
[*] Occurent some error... [validTypeImage] == false
GET / 200 3.823 ms - 487
GET /static/css/main.967b6dc5.css 200 1.395 ms - 166808
GET /static/js/main.40281cdd.js 200 1.650 ms - 259038
GET /service-worker.js 200 0.692 ms - 3152
GET /static/css/main.967b6dc5.css.map 200 0.792 ms - 523164
GET /manifest.json 304 0.883 ms - -
GET /static/js/main.40281cdd.js.map 200 0.723 ms - 827922
GET / 200 0.690 ms - 487
GET /static/css/main.967b6dc5.css 200 0.994 ms - 166808
GET /static/js/main.40281cdd.js 200 1.259 ms - 259038
GET /static/css/main.967b6dc5.css.map 200 0.882 ms - 523164
GET /service-worker.js 200 0.914 ms - 3152
GET /manifest.json 304 0.872 ms - -
GET /static/js/main.40281cdd.js.map 200 2.084 ms - 827922
GET /static/css/main.967b6dc5.css 304 1.216 ms - -
GET /static/js/main.b9d6d061.js 200 2.520 ms - 487
GET /manifest.json 304 0.441 ms - -
GET /static/css/main.967b6dc5.css.map 200 0.678 ms - 523164
GET /service-worker.js 304 0.387 ms - -
GET /static/css/main.967b6dc5.css 304 0.492 ms - -
GET /static/js/main.b9d6d061.js 304 1.355 ms - -
GET /manifest.json 304 0.427 ms - -
GET /static/css/main.967b6dc5.css.map 200 0.515 ms - 523164
GET / 200 0.746 ms - 487
GET /static/css/main.967b6dc5.css 200 0.577 ms - 166808
GET /static/js/main.40281cdd.js 200 0.809 ms - 259038
GET /static/css/main.967b6dc5.css.map 200 0.512 ms - 523164
GET /service-worker.js 200 0.735 ms - 3152
GET /manifest.json 304 0.346 ms - -
GET /static/js/main.40281cdd.js.map 200 0.677 ms - 827922
GET /service-worker.js 304 0.454 ms - -
POST / 404 10.235 ms - 140
GET /manifest.json 304 0.609 ms - -
GET /static/css/main.967b6dc5.css.map 200 0.808 ms - 523164
GET /service-worker.js 304 0.345 ms - -
GET /service-worker.js 304 0.473 ms - -
Завершить выполнение пакетного файла [Y(да)/N(нет)]?
^C
C:\Users\Pupil\Desktop\proj\projectUfanet>

C:\Users\Pupil\Desktop\proj\projectUfanet>cd client

C:\Users\Pupil\Desktop\proj\projectUfanet\client>npm run build

> nodebootstraper-client@0.2.0 build
> react-scripts build

Creating an optimized production build...
Compiled successfully.

File sizes after gzip:

  78.65 kB (+32 B)  build\static\js\main.a70dfdb7.js
  24.44 kB          build\static\css\main.967b6dc5.css

The project was built assuming it is hosted at /.
You can control this with the homepage field in your package.json.

The build folder is ready to be deployed.
You may serve it with a static server:

  npm install -g serve
  serve -s build

Find out more about deployment here:

  https://cra.link/deployment


C:\Users\Pupil\Desktop\proj\projectUfanet\client>cd ..

C:\Users\Pupil\Desktop\proj\projectUfanet>npm start

> nodebootstraper@5.0.0 start
> node app.js

[ '003cdb552a234eea78c38ce18d22cb1f.jpeg' ]
success
(node:10252) [DEP0005] DeprecationWarning: Buffer() is deprecated due to security and usability issues. Please use the Buffer.alloc(), Buffer.allocUnsafe(), or Buffer.from() methods instead.
(Use `node --trace-deprecation ...` to show where the warning was created)
Express server listening on port 3001
[*] Occurent some error... [validTypeImage] == false
GET /static/js/main.b9d6d061.js 200 9.704 ms - 487
GET /static/css/main.967b6dc5.css 200 4.647 ms - 166808
GET / - - ms - -
GET / - - ms - -
GET / - - ms - -
GET / - - ms - -
GET / - - ms - -
GET / - - ms - -
GET / - - ms - -
GET / - - ms - -
GET / - - ms - -
GET / - - ms - -
GET /static/css/main.967b6dc5.css - - ms - -
GET /static/js/main.b9d6d061.js - - ms - -
GET /static/css/main.967b6dc5.css - - ms - -
GET /static/js/main.b9d6d061.js - - ms - -
GET /static/css/main.967b6dc5.css - - ms - -
GET /static/js/main.b9d6d061.js - - ms - -
GET /static/css/main.967b6dc5.css - - ms - -
GET /static/js/main.b9d6d061.js - - ms - -
GET /static/css/main.967b6dc5.css - - ms - -
GET /static/js/main.b9d6d061.js 304 12.397 ms - -
GET / - - ms - -
GET / - - ms - -
GET / - - ms - -
GET /service-worker.js 304 10.307 ms - -
GET / 200 16.250 ms - 487
GET /static/js/main.b9d6d061.js 200 18.077 ms - 487
GET /static/css/main.967b6dc5.css 200 16.780 ms - 166808
GET /static/css/main.967b6dc5.css 200 0.866 ms - 166808
GET /static/js/main.a70dfdb7.js 200 0.923 ms - 259072
GET /static/js/main.a70dfdb7.js.map 200 0.680 ms - 827996
GET /manifest.json 304 0.305 ms - -
GET /static/css/main.967b6dc5.css.map 200 1.468 ms - 523164
GET /service-worker.js 304 0.458 ms - -
Завершить выполнение пакетного файла [Y(да)/N(нет)]?
^C
C:\Users\Pupil\Desktop\proj\projectUfanet>npm start

> nodebootstraper@5.0.0 start
> node app.js

[ '003cdb552a234eea78c38ce18d22cb1f.jpeg' ]
success
(node:9788) [DEP0005] DeprecationWarning: Buffer() is deprecated due to security and usability issues. Please use the Buffer.alloc(), Buffer.allocUnsafe(), or Buffer.from() methods instead.
(Use `node --trace-deprecation ...` to show where the warning was created)
Express server listening on port 3001
[*] Occurent some error... [validTypeImage] == false
GET / 200 4.349 ms - 487
GET /static/css/main.967b6dc5.css 200 1.298 ms - 166808
GET /static/js/main.a70dfdb7.js 200 1.530 ms - 259072
GET /static/css/main.967b6dc5.css.map 200 0.831 ms - 523164
GET /manifest.json 304 2.106 ms - -
GET /static/js/main.a70dfdb7.js.map 200 2.470 ms - 827996
Завершить выполнение пакетного файла [Y(да)/N(нет)]?
^C
C:\Users\Pupil\Desktop\proj\projectUfanet>cd client

C:\Users\Pupil\Desktop\proj\projectUfanet\client>npm run build

> nodebootstraper-client@0.2.0 build
> react-scripts build

Creating an optimized production build...
Compiled successfully.

File sizes after gzip:

  78.63 kB (-25 B)  build\static\js\main.60fed7bb.js
  24.44 kB          build\static\css\main.967b6dc5.css

The project was built assuming it is hosted at /.
You can control this with the homepage field in your package.json.

The build folder is ready to be deployed.
You may serve it with a static server:

  npm install -g serve
  serve -s build

Find out more about deployment here:

  https://cra.link/deployment


C:\Users\Pupil\Desktop\proj\projectUfanet\client>cd ..

C:\Users\Pupil\Desktop\proj\projectUfanet>npm start

> nodebootstraper@5.0.0 start
> node app.js

[ '003cdb552a234eea78c38ce18d22cb1f.jpeg' ]
success
(node:3888) [DEP0005] DeprecationWarning: Buffer() is deprecated due to security and usability issues. Please use the Buffer.alloc(), Buffer.allocUnsafe(), or Buffer.from() methods instead.
(Use `node --trace-deprecation ...` to show where the warning was created)
Express server listening on port 3001
[*] Occurent some error... [validTypeImage] == false
GET / 200 3.717 ms - 487
GET /static/css/main.967b6dc5.css 200 1.876 ms - 166808
GET /static/js/main.60fed7bb.js 200 2.171 ms - 259079
GET /service-worker.js 200 0.631 ms - 3152
GET /static/js/main.60fed7bb.js.map 200 0.546 ms - 828006
GET /manifest.json 304 1.366 ms - -
GET /static/css/main.967b6dc5.css.map 200 3.014 ms - 523164
Завершить выполнение пакетного файла [Y(да)/N(нет)]?
^C
C:\Users\Pupil\Desktop\proj\projectUfanet>cd client

C:\Users\Pupil\Desktop\proj\projectUfanet\client>npm run build

> nodebootstraper-client@0.2.0 build
> react-scripts build

Creating an optimized production build...
Failed to compile.

SyntaxError: C:\Users\Pupil\Desktop\proj\projectUfanet\client\src\components\Home\UploadImage\UploadImg.js: Binding invalid left-hand side in function parameter list. (30:53)
  28 |         </div>
  29 |       )}
> 30 |       <form method="POST" action="" onSubmit={(event,this)=>send(event, this)}>
     |                                                      ^
  31 |         <input
  32 |           type="file"
  33 |           name="myImage"



C:\Users\Pupil\Desktop\proj\projectUfanet\client>

C:\Users\Pupil\Desktop\proj\projectUfanet\client>

C:\Users\Pupil\Desktop\proj\projectUfanet\client>npm run build

> nodebootstraper-client@0.2.0 build
> react-scripts build

Creating an optimized production build...
Compiled successfully.

File sizes after gzip:

  78.63 kB  build\static\js\main.7b177cc0.js
  24.44 kB  build\static\css\main.967b6dc5.css

The project was built assuming it is hosted at /.
You can control this with the homepage field in your package.json.

The build folder is ready to be deployed.
You may serve it with a static server:

  npm install -g serve
  serve -s build

Find out more about deployment here:

  https://cra.link/deployment


C:\Users\Pupil\Desktop\proj\projectUfanet\client>

C:\Users\Pupil\Desktop\proj\projectUfanet\client>cd ..

C:\Users\Pupil\Desktop\proj\projectUfanet>npm start

> nodebootstraper@5.0.0 start
> node app.js

[ '003cdb552a234eea78c38ce18d22cb1f.jpeg' ]
success
(node:12384) [DEP0005] DeprecationWarning: Buffer() is deprecated due to security and usability issues. Please use the Buffer.alloc(), Buffer.allocUnsafe(), or Buffer.from() methods instead.
(Use `node --trace-deprecation ...` to show where the warning was created)
Express server listening on port 3001
[*] Occurent some error... [validTypeImage] == false
GET / 200 4.225 ms - 487
GET /static/css/main.967b6dc5.css 200 1.324 ms - 166808
GET /static/js/main.7b177cc0.js 200 1.605 ms - 259113
GET /static/css/main.967b6dc5.css.map 200 0.619 ms - 523164
GET /service-worker.js 200 0.703 ms - 3152
GET /static/js/main.7b177cc0.js.map 200 1.952 ms - 828113
GET /manifest.json 304 0.830 ms - -
GET /static/css/main.967b6dc5.css 304 1.348 ms - -
GET /static/js/main.b9d6d061.js 200 3.109 ms - 487
GET /manifest.json 304 0.694 ms - -
GET /static/css/main.967b6dc5.css.map 200 0.654 ms - 523164
GET /service-worker.js 304 0.409 ms - -
GET / 200 0.657 ms - 487
GET /static/css/main.967b6dc5.css 200 1.097 ms - 166808
GET /static/js/main.7b177cc0.js 200 1.380 ms - 259113
GET /static/css/main.967b6dc5.css.map 200 0.516 ms - 523164
GET /static/js/main.7b177cc0.js.map 200 0.593 ms - 828113
GET /service-worker.js 200 0.635 ms - 3152
GET /manifest.json 304 0.327 ms - -
Завершить выполнение пакетного файла [Y(да)/N(нет)]?
^C
C:\Users\Pupil\Desktop\proj\projectUfanet>cd client

C:\Users\Pupil\Desktop\proj\projectUfanet\client>npm run build

> nodebootstraper-client@0.2.0 build
> react-scripts build

Creating an optimized production build...
Compiled successfully.

File sizes after gzip:

  78.63 kB (+1 B)  build\static\js\main.e0fb0ffd.js
  24.44 kB         build\static\css\main.967b6dc5.css

The project was built assuming it is hosted at /.
You can control this with the homepage field in your package.json.

The build folder is ready to be deployed.
You may serve it with a static server:

  npm install -g serve
  serve -s build

Find out more about deployment here:

  https://cra.link/deployment


C:\Users\Pupil\Desktop\proj\projectUfanet\client>cd ..

C:\Users\Pupil\Desktop\proj\projectUfanet>npm start

> nodebootstraper@5.0.0 start
> node app.js

[ '003cdb552a234eea78c38ce18d22cb1f.jpeg' ]
success
(node:10368) [DEP0005] DeprecationWarning: Buffer() is deprecated due to security and usability issues. Please use the Buffer.alloc(), Buffer.allocUnsafe(), or Buffer.from() methods instead.
(Use `node --trace-deprecation ...` to show where the warning was created)
Express server listening on port 3001
[*] Occurent some error... [validTypeImage] == false
GET / 200 6.959 ms - 487
GET /static/css/main.967b6dc5.css 200 1.621 ms - 166808
GET /static/js/main.e0fb0ffd.js 200 1.830 ms - 259122
GET /static/css/main.967b6dc5.css.map 200 0.832 ms - 523164
GET /static/js/main.e0fb0ffd.js.map 200 0.867 ms - 828131
GET /service-worker.js 200 0.795 ms - 3152
GET /manifest.json 304 1.190 ms - -
Завершить выполнение пакетного файла [Y(да)/N(нет)]?
^C
C:\Users\Pupil\Desktop\proj\projectUfanet>cd client

C:\Users\Pupil\Desktop\proj\projectUfanet\client>npm run build

> nodebootstraper-client@0.2.0 build
> react-scripts build

Creating an optimized production build...
Compiled successfully.

File sizes after gzip:

  78.66 kB (+28 B)  build\static\js\main.063f8da2.js
  24.44 kB          build\static\css\main.967b6dc5.css

The project was built assuming it is hosted at /.
You can control this with the homepage field in your package.json.

The build folder is ready to be deployed.
You may serve it with a static server:

  npm install -g serve
  serve -s build

Find out more about deployment here:

  https://cra.link/deployment


C:\Users\Pupil\Desktop\proj\projectUfanet\client>cd ..

C:\Users\Pupil\Desktop\proj\projectUfanet>npm start

> nodebootstraper@5.0.0 start
> node app.js

[ '003cdb552a234eea78c38ce18d22cb1f.jpeg' ]
success
(node:724) [DEP0005] DeprecationWarning: Buffer() is deprecated due to security and usability issues. Please use the Buffer.alloc(), Buffer.allocUnsafe(), or Buffer.from() methods instead.
(Use `node --trace-deprecation ...` to show where the warning was created)
Express server listening on port 3001
[*] Occurent some error... [validTypeImage] == false
GET / 200 4.410 ms - 487
GET /static/css/main.967b6dc5.css 200 1.378 ms - 166808
GET /static/js/main.063f8da2.js 200 1.877 ms - 259182
GET /service-worker.js 200 1.735 ms - 3152
GET /static/js/main.063f8da2.js.map 200 1.561 ms - 828185
GET /manifest.json 304 0.717 ms - -
GET /static/css/main.967b6dc5.css.map 200 2.005 ms - 523164
Завершить выполнение пакетного файла [Y(да)/N(нет)]?
^C
C:\Users\Pupil\Desktop\proj\projectUfanet>cd client

C:\Users\Pupil\Desktop\proj\projectUfanet\client>npm run build

> nodebootstraper-client@0.2.0 build
> react-scripts build

Creating an optimized production build...
Compiled successfully.

File sizes after gzip:

  78.67 kB (+4 B)  build\static\js\main.3740f313.js
  24.44 kB         build\static\css\main.967b6dc5.css

The project was built assuming it is hosted at /.
You can control this with the homepage field in your package.json.

The build folder is ready to be deployed.
You may serve it with a static server:

  npm install -g serve
  serve -s build

Find out more about deployment here:

  https://cra.link/deployment


C:\Users\Pupil\Desktop\proj\projectUfanet\client>cd ..

C:\Users\Pupil\Desktop\proj\projectUfanet>npm start

> nodebootstraper@5.0.0 start
> node app.js

[ '003cdb552a234eea78c38ce18d22cb1f.jpeg' ]
success
(node:11628) [DEP0005] DeprecationWarning: Buffer() is deprecated due to security and usability issues. Please use the Buffer.alloc(), Buffer.allocUnsafe(), or Buffer.from() methods instead.
(Use `node --trace-deprecation ...` to show where the warning was created)
Express server listening on port 3001
[*] Occurent some error... [validTypeImage] == false
GET / 200 3.769 ms - 487
GET /static/css/main.967b6dc5.css 200 1.303 ms - 166808
GET /static/js/main.3740f313.js 200 1.559 ms - 259188
GET /static/css/main.967b6dc5.css.map 200 0.733 ms - 523164
GET /static/js/main.3740f313.js.map 200 0.563 ms - 828197
GET /service-worker.js 200 0.731 ms - 3152
GET /manifest.json 304 0.746 ms - -
Завершить выполнение пакетного файла [Y(да)/N(нет)]?
^C
C:\Users\Pupil\Desktop\proj\projectUfanet>cd client

C:\Users\Pupil\Desktop\proj\projectUfanet\client>npm run build

> nodebootstraper-client@0.2.0 build
> react-scripts build

Creating an optimized production build...
Compiled successfully.

File sizes after gzip:

  78.72 kB (+50 B)  build\static\js\main.624348ec.js
  24.44 kB          build\static\css\main.967b6dc5.css

The project was built assuming it is hosted at /.
You can control this with the homepage field in your package.json.

The build folder is ready to be deployed.
You may serve it with a static server:

  npm install -g serve
  serve -s build

Find out more about deployment here:

  https://cra.link/deployment


C:\Users\Pupil\Desktop\proj\projectUfanet\client>cd ..

C:\Users\Pupil\Desktop\proj\projectUfanet>npm start

> nodebootstraper@5.0.0 start
> node app.js

[ '003cdb552a234eea78c38ce18d22cb1f.jpeg' ]
success
(node:6056) [DEP0005] DeprecationWarning: Buffer() is deprecated due to security and usability issues. Please use the Buffer.alloc(), Buffer.allocUnsafe(), or Buffer.from() methods instead.
(Use `node --trace-deprecation ...` to show where the warning was created)
Express server listening on port 3001
[*] Occurent some error... [validTypeImage] == false
GET /static/js/main.baeef1c4.js 200 5.952 ms - 487
GET /static/css/main.708a0baf.css 200 7.875 ms - 487
GET /manifest.json 200 0.583 ms - 298
GET /service-worker.js 200 0.827 ms - 3152
GET / 200 0.964 ms - 487
GET /static/css/main.967b6dc5.css 200 1.018 ms - 166808
GET /static/js/main.624348ec.js 200 1.147 ms - 259287
GET /static/css/main.967b6dc5.css.map 200 0.644 ms - 523164
GET /service-worker.js 200 1.057 ms - 3152
GET /static/js/main.624348ec.js.map 200 3.201 ms - 828602
GET /manifest.json 304 0.649 ms - -
Завершить выполнение пакетного файла [Y(да)/N(нет)]?
^C
C:\Users\Pupil\Desktop\proj\projectUfanet>cd client

C:\Users\Pupil\Desktop\proj\projectUfanet\client>npm run build

> nodebootstraper-client@0.2.0 build
> react-scripts build

Creating an optimized production build...
Compiled successfully.

File sizes after gzip:

  78.71 kB (-6 B)  build\static\js\main.0c8933d9.js
  24.44 kB         build\static\css\main.967b6dc5.css

The project was built assuming it is hosted at /.
You can control this with the homepage field in your package.json.

The build folder is ready to be deployed.
You may serve it with a static server:

  npm install -g serve
  serve -s build

Find out more about deployment here:

  https://cra.link/deployment


C:\Users\Pupil\Desktop\proj\projectUfanet\client>cd ..

C:\Users\Pupil\Desktop\proj\projectUfanet>npm start

> nodebootstraper@5.0.0 start
> node app.js

[ '003cdb552a234eea78c38ce18d22cb1f.jpeg' ]
success
(node:9680) [DEP0005] DeprecationWarning: Buffer() is deprecated due to security and usability issues. Please use the Buffer.alloc(), Buffer.allocUnsafe(), or Buffer.from() methods instead.
(Use `node --trace-deprecation ...` to show where the warning was created)
Express server listening on port 3001
[*] Occurent some error... [validTypeImage] == false
GET /static/js/main.baeef1c4.js 200 5.544 ms - 487
GET /static/css/main.708a0baf.css 200 8.007 ms - 487
GET /manifest.json 304 0.657 ms - -
GET / 200 0.720 ms - 487
GET /static/css/main.967b6dc5.css 200 1.071 ms - 166808
GET /static/js/main.0c8933d9.js 200 0.986 ms - 259311
GET /static/css/main.967b6dc5.css.map 200 0.871 ms - 523164
GET /static/js/main.0c8933d9.js.map 200 0.843 ms - 828653
GET /service-worker.js 200 0.916 ms - 3152
GET /manifest.json 304 0.734 ms - -
GET /service-worker.js 304 0.428 ms - -
Завершить выполнение пакетного файла [Y(да)/N(нет)]?
^C
C:\Users\Pupil\Desktop\proj\projectUfanet>cd client

C:\Users\Pupil\Desktop\proj\projectUfanet\client>npm run build

> nodebootstraper-client@0.2.0 build
> react-scripts build

Creating an optimized production build...
Compiled successfully.

File sizes after gzip:

  78.71 kB (-2 B)  build\static\js\main.c9b45dec.js
  24.44 kB         build\static\css\main.967b6dc5.css

The project was built assuming it is hosted at /.
You can control this with the homepage field in your package.json.

The build folder is ready to be deployed.
You may serve it with a static server:

  npm install -g serve
  serve -s build

Find out more about deployment here:

  https://cra.link/deployment


C:\Users\Pupil\Desktop\proj\projectUfanet\client>cd ..

C:\Users\Pupil\Desktop\proj\projectUfanet>npm start

> nodebootstraper@5.0.0 start
> node app.js

[ '003cdb552a234eea78c38ce18d22cb1f.jpeg' ]
success
(node:11408) [DEP0005] DeprecationWarning: Buffer() is deprecated due to security and usability issues. Please use the Buffer.alloc(), Buffer.allocUnsafe(), or Buffer.from() methods instead.
(Use `node --trace-deprecation ...` to show where the warning was created)
Express server listening on port 3001
[*] Occurent some error... [validTypeImage] == false
GET / 200 3.890 ms - 487
GET /static/css/main.967b6dc5.css 200 1.349 ms - 166808
GET /static/js/main.c9b45dec.js 200 1.606 ms - 259294
GET /service-worker.js 200 0.890 ms - 3152
GET /manifest.json 304 1.157 ms - -
GET /static/css/main.967b6dc5.css.map 200 0.955 ms - 523164
GET /static/js/main.c9b45dec.js.map 200 1.017 ms - 828620
Завершить выполнение пакетного файла [Y(да)/N(нет)]?
^C
C:\Users\Pupil\Desktop\proj\projectUfanet>cd client

C:\Users\Pupil\Desktop\proj\projectUfanet\client>npm run build

> nodebootstraper-client@0.2.0 build
> react-scripts build

Creating an optimized production build...
Compiled successfully.

File sizes after gzip:

  78.71 kB (+3 B)  build\static\js\main.444be425.js
  24.44 kB         build\static\css\main.967b6dc5.css

The project was built assuming it is hosted at /.
You can control this with the homepage field in your package.json.

The build folder is ready to be deployed.
You may serve it with a static server:

  npm install -g serve
  serve -s build

Find out more about deployment here:

  https://cra.link/deployment


C:\Users\Pupil\Desktop\proj\projectUfanet\client>cd ..

C:\Users\Pupil\Desktop\proj\projectUfanet>npm start

> nodebootstraper@5.0.0 start
> node app.js

[ '003cdb552a234eea78c38ce18d22cb1f.jpeg' ]
success
(node:6484) [DEP0005] DeprecationWarning: Buffer() is deprecated due to security and usability issues. Please use the Buffer.alloc(), Buffer.allocUnsafe(), or Buffer.from() methods instead.
(Use `node --trace-deprecation ...` to show where the warning was created)
Express server listening on port 3001
[*] Occurent some error... [validTypeImage] == false
GET /service-worker.js 304 3.332 ms - -
GET / 200 2.800 ms - 487
GET /static/css/main.967b6dc5.css 200 1.382 ms - 166808
GET /static/js/main.444be425.js 200 1.847 ms - 259300
GET /service-worker.js 200 0.730 ms - 3152
GET /manifest.json 304 0.563 ms - -
GET /static/css/main.967b6dc5.css.map 200 0.592 ms - 523164
GET /static/js/main.444be425.js.map 200 0.667 ms - 828632
Завершить выполнение пакетного файла [Y(да)/N(нет)]?
^C
C:\Users\Pupil\Desktop\proj\projectUfanet>cd ..

C:\Users\Pupil\Desktop\proj>cd client
Системе не удается найти указанный путь.

C:\Users\Pupil\Desktop\proj>npm run build
npm ERR! code ENOENT
npm ERR! syscall open
npm ERR! path C:\Users\Pupil\Desktop\proj/package.json
npm ERR! errno -4058
npm ERR! enoent ENOENT: no such file or directory, open 'C:\Users\Pupil\Desktop\proj\package.json'
npm ERR! enoent This is related to npm not being able to find a file.
npm ERR! enoent

npm ERR! A complete log of this run can be found in:
npm ERR!     C:\Users\Pupil\AppData\Local\npm-cache\_logs\2022-02-10T06_43_27_439Z-debug.log

C:\Users\Pupil\Desktop\proj>cd projectUfanet

C:\Users\Pupil\Desktop\proj\projectUfanet>cd client

C:\Users\Pupil\Desktop\proj\projectUfanet\client>npm run build

> nodebootstraper-client@0.2.0 build
> react-scripts build

Creating an optimized production build...
Compiled successfully.

File sizes after gzip:

  78.71 kB (+1 B)  build\static\js\main.1651d559.js
  24.44 kB         build\static\css\main.967b6dc5.css

The project was built assuming it is hosted at /.
You can control this with the homepage field in your package.json.

The build folder is ready to be deployed.
You may serve it with a static server:

  npm install -g serve
  serve -s build

Find out more about deployment here:

  https://cra.link/deployment


C:\Users\Pupil\Desktop\proj\projectUfanet\client>cd ..

C:\Users\Pupil\Desktop\proj\projectUfanet>npm start

> nodebootstraper@5.0.0 start
> node app.js

[ '003cdb552a234eea78c38ce18d22cb1f.jpeg' ]
success
(node:15244) [DEP0005] DeprecationWarning: Buffer() is deprecated due to security and usability issues. Please use the Buffer.alloc(), Buffer.allocUnsafe(), or Buffer.from() methods instead.
(Use `node --trace-deprecation ...` to show where the warning was created)
Express server listening on port 3001
[*] Occurent some error... [validTypeImage] == false
GET / 200 3.856 ms - 487
GET /static/css/main.967b6dc5.css 200 1.409 ms - 166808
GET /static/js/main.1651d559.js 200 1.841 ms - 259316
GET /service-worker.js 200 1.057 ms - 3152
GET /manifest.json 304 0.793 ms - -
GET /static/css/main.967b6dc5.css.map 200 0.763 ms - 523164
GET /static/js/main.1651d559.js.map 200 0.597 ms - 828673
Завершить выполнение пакетного файла [Y(да)/N(нет)]?
^C
C:\Users\Pupil\Desktop\proj\projectUfanet>cd ..

C:\Users\Pupil\Desktop\proj>cd client
Системе не удается найти указанный путь.

C:\Users\Pupil\Desktop\proj>cd projectUfanet

C:\Users\Pupil\Desktop\proj\projectUfanet>cd client

C:\Users\Pupil\Desktop\proj\projectUfanet\client>npm run build

> nodebootstraper-client@0.2.0 build
> react-scripts build

Creating an optimized production build...
Compiled successfully.

File sizes after gzip:

  78.71 kB (-1 B)  build\static\js\main.7fb983b5.js
  24.44 kB         build\static\css\main.967b6dc5.css

The project was built assuming it is hosted at /.
You can control this with the homepage field in your package.json.

The build folder is ready to be deployed.
You may serve it with a static server:

  npm install -g serve
  serve -s build

Find out more about deployment here:

  https://cra.link/deployment


C:\Users\Pupil\Desktop\proj\projectUfanet\client>cd ..

C:\Users\Pupil\Desktop\proj\projectUfanet>npm start

> nodebootstraper@5.0.0 start
> node app.js

[ '003cdb552a234eea78c38ce18d22cb1f.jpeg' ]
success
(node:12476) [DEP0005] DeprecationWarning: Buffer() is deprecated due to security and usability issues. Please use the Buffer.alloc(), Buffer.allocUnsafe(), or Buffer.from() methods instead.
(Use `node --trace-deprecation ...` to show where the warning was created)
Express server listening on port 3001
[*] Occurent some error... [validTypeImage] == false
GET / 200 4.078 ms - 487
GET /static/css/main.967b6dc5.css 200 1.446 ms - 166808
GET /static/js/main.7fb983b5.js 200 1.808 ms - 259317
GET /service-worker.js 200 0.821 ms - 3152
GET /manifest.json 304 1.071 ms - -
GET /static/css/main.967b6dc5.css.map 200 0.736 ms - 523164
GET /static/js/main.7fb983b5.js.map 200 0.929 ms - 828665
GET / 200 1.016 ms - 487
GET /static/css/main.967b6dc5.css 200 0.939 ms - 166808
GET /static/js/main.7fb983b5.js 200 1.261 ms - 259317
GET /static/css/main.967b6dc5.css.map 200 0.647 ms - 523164
GET /service-worker.js 200 0.908 ms - 3152
GET /static/js/main.7fb983b5.js.map 200 0.638 ms - 828665
GET /manifest.json 304 0.615 ms - -
GET / 200 0.968 ms - 487
GET /static/css/main.967b6dc5.css 200 0.577 ms - 166808
GET /static/js/main.7fb983b5.js 200 0.853 ms - 259317
GET /static/css/main.967b6dc5.css.map 200 0.589 ms - 523164
GET /service-worker.js 200 0.840 ms - 3152
GET /static/js/main.7fb983b5.js.map 200 0.844 ms - 828665
GET /manifest.json 304 0.388 ms - -
Завершить выполнение пакетного файла [Y(да)/N(нет)]?

C:\Users\Pupil\Desktop\proj\projectUfanet>cd ..

C:\Users\Pupil\Desktop\proj>projectUfanet
"projectUfanet" не является внутренней или внешней
командой, исполняемой программой или пакетным файлом.

C:\Users\Pupil\Desktop\proj>cd projectUfanet

C:\Users\Pupil\Desktop\proj\projectUfanet>cd client

C:\Users\Pupil\Desktop\proj\projectUfanet\client>npm run builda
npm ERR! Missing script: "builda"
npm ERR!
npm ERR! Did you mean this?
npm ERR!     npm run build # run the "build" package script
npm ERR!
npm ERR! To see a list of scripts, run:
npm ERR!   npm run

npm ERR! A complete log of this run can be found in:
npm ERR!     C:\Users\Pupil\AppData\Local\npm-cache\_logs\2022-02-10T07_00_41_301Z-debug.log

C:\Users\Pupil\Desktop\proj\projectUfanet\client>npm run build

> nodebootstraper-client@0.2.0 build
> react-scripts build

Creating an optimized production build...
Compiled successfully.

File sizes after gzip:

  78.71 kB (-3 B)  build\static\js\main.20fed423.js
  24.44 kB         build\static\css\main.967b6dc5.css

The project was built assuming it is hosted at /.
You can control this with the homepage field in your package.json.

The build folder is ready to be deployed.
You may serve it with a static server:

  npm install -g serve
  serve -s build

Find out more about deployment here:

  https://cra.link/deployment


C:\Users\Pupil\Desktop\proj\projectUfanet\client>cd ..

C:\Users\Pupil\Desktop\proj\projectUfanet>npm start

> nodebootstraper@5.0.0 start
> node app.js

[ '003cdb552a234eea78c38ce18d22cb1f.jpeg' ]
success
(node:2548) [DEP0005] DeprecationWarning: Buffer() is deprecated due to security and usability issues. Please use the Buffer.alloc(), Buffer.allocUnsafe(), or Buffer.from() methods instead.
(Use `node --trace-deprecation ...` to show where the warning was created)
Express server listening on port 3001
[*] Occurent some error... [validTypeImage] == false
GET / 200 4.398 ms - 487
GET /static/css/main.967b6dc5.css 200 1.804 ms - 166808
GET /static/js/main.20fed423.js 200 2.139 ms - 259317
GET /service-worker.js 200 0.954 ms - 3152
GET /static/js/main.20fed423.js.map 200 1.490 ms - 828665
GET /manifest.json 304 0.800 ms - -
GET /static/css/main.967b6dc5.css.map 200 2.024 ms - 523164
Завершить выполнение пакетного файла [Y(да)/N(нет)]?
^C
C:\Users\Pupil\Desktop\proj\projectUfanet>cd client

C:\Users\Pupil\Desktop\proj\projectUfanet\client>npm run build

> nodebootstraper-client@0.2.0 build
> react-scripts build

Creating an optimized production build...
Compiled successfully.

File sizes after gzip:

  78.71 kB (-1 B)  build\static\js\main.01008ce6.js
  24.44 kB         build\static\css\main.967b6dc5.css

The project was built assuming it is hosted at /.
You can control this with the homepage field in your package.json.

The build folder is ready to be deployed.
You may serve it with a static server:

  npm install -g serve
  serve -s build

Find out more about deployment here:

  https://cra.link/deployment


C:\Users\Pupil\Desktop\proj\projectUfanet\client>cd ..

C:\Users\Pupil\Desktop\proj\projectUfanet>npm start

> nodebootstraper@5.0.0 start
> node app.js

[ '003cdb552a234eea78c38ce18d22cb1f.jpeg' ]
success
(node:11312) [DEP0005] DeprecationWarning: Buffer() is deprecated due to security and usability issues. Please use the Buffer.alloc(), Buffer.allocUnsafe(), or Buffer.from() methods instead.
(Use `node --trace-deprecation ...` to show where the warning was created)
Express server listening on port 3001
[*] Occurent some error... [validTypeImage] == false
GET / 200 3.872 ms - 487
GET /static/css/main.967b6dc5.css 200 1.715 ms - 166808
GET /static/js/main.01008ce6.js 200 2.059 ms - 259317
GET /service-worker.js 200 0.943 ms - 3152
GET /static/js/main.01008ce6.js.map 200 1.333 ms - 828665
GET /manifest.json 304 0.881 ms - -
GET /static/css/main.967b6dc5.css.map 200 0.905 ms - 523164
Завершить выполнение пакетного файла [Y(да)/N(нет)]?
^C
C:\Users\Pupil\Desktop\proj\projectUfanet>cd client

C:\Users\Pupil\Desktop\proj\projectUfanet\client>npm run build

> nodebootstraper-client@0.2.0 build
> react-scripts build

Creating an optimized production build...
Compiled successfully.

File sizes after gzip:

  78.71 kB (+1 B)  build\static\js\main.df26909e.js
  24.44 kB         build\static\css\main.967b6dc5.css

The project was built assuming it is hosted at /.
You can control this with the homepage field in your package.json.

The build folder is ready to be deployed.
You may serve it with a static server:

  npm install -g serve
  serve -s build

Find out more about deployment here:

  https://cra.link/deployment


C:\Users\Pupil\Desktop\proj\projectUfanet\client>cd ..

C:\Users\Pupil\Desktop\proj\projectUfanet>npm start

> nodebootstraper@5.0.0 start
> node app.js

[ '003cdb552a234eea78c38ce18d22cb1f.jpeg' ]
success
(node:896) [DEP0005] DeprecationWarning: Buffer() is deprecated due to security and usability issues. Please use the Buffer.alloc(), Buffer.allocUnsafe(), or Buffer.from() methods instead.
(Use `node --trace-deprecation ...` to show where the warning was created)
Express server listening on port 3001
[*] Occurent some error... [validTypeImage] == false
GET / 200 3.706 ms - 487
GET /static/css/main.967b6dc5.css 200 1.322 ms - 166808
GET /static/js/main.df26909e.js 200 1.547 ms - 259317
GET /service-worker.js 200 0.677 ms - 3152
GET /manifest.json 304 0.962 ms - -
GET /static/css/main.967b6dc5.css.map 200 1.209 ms - 523164
GET /static/js/main.df26909e.js.map 200 0.603 ms - 828665
Завершить выполнение пакетного файла [Y(да)/N(нет)]?
^C
C:\Users\Pupil\Desktop\proj\projectUfanet>cd client

C:\Users\Pupil\Desktop\proj\projectUfanet\client>npm run build

> nodebootstraper-client@0.2.0 build
> react-scripts build

Creating an optimized production build...
Compiled successfully.

File sizes after gzip:

  78.7 kB (-5 B)  build\static\js\main.4c3178e5.js
  24.44 kB        build\static\css\main.967b6dc5.css

The project was built assuming it is hosted at /.
You can control this with the homepage field in your package.json.

The build folder is ready to be deployed.
You may serve it with a static server:

  npm install -g serve
  serve -s build

Find out more about deployment here:

  https://cra.link/deployment


C:\Users\Pupil\Desktop\proj\projectUfanet\client>cd ..

C:\Users\Pupil\Desktop\proj\projectUfanet>npm start

> nodebootstraper@5.0.0 start
> node app.js

[ '003cdb552a234eea78c38ce18d22cb1f.jpeg' ]
(node:12124) [DEP0005] DeprecationWarning: Buffer() is deprecated due to security and usability issues. Please use the Buffer.alloc(), Buffer.allocUnsafe(), or Buffer.from() methods instead.
(Use `node --trace-deprecation ...` to show where the warning was created)
Express server listening on port 3001
[*] Occurent some error... [validTypeImage] == false
GET / 200 4.319 ms - 487
GET /static/css/main.967b6dc5.css 200 1.448 ms - 166808
GET /static/js/main.4c3178e5.js 200 1.859 ms - 259249
GET /static/css/main.967b6dc5.css.map 200 0.718 ms - 523164
GET /service-worker.js 200 0.919 ms - 3152
GET /static/js/main.4c3178e5.js.map 200 1.452 ms - 828754
GET /manifest.json 304 1.076 ms - -
{}
{}
{}
{}
Завершить выполнение пакетного файла [Y(да)/N(нет)]?

C:\Users\Pupil\Desktop\proj\projectUfanet>cd client

C:\Users\Pupil\Desktop\proj\projectUfanet\client>npm run build

> nodebootstraper-client@0.2.0 build
> react-scripts build

Creating an optimized production build...
Compiled successfully.

File sizes after gzip:

  78.71 kB (+3 B)  build\static\js\main.2f776bc5.js
  24.44 kB         build\static\css\main.967b6dc5.css

The project was built assuming it is hosted at /.
You can control this with the homepage field in your package.json.

The build folder is ready to be deployed.
You may serve it with a static server:

  npm install -g serve
  serve -s build

Find out more about deployment here:

  https://cra.link/deployment


C:\Users\Pupil\Desktop\proj\projectUfanet\client>cd ..

C:\Users\Pupil\Desktop\proj\projectUfanet>npm start

> nodebootstraper@5.0.0 start
> node app.js

[ '003cdb552a234eea78c38ce18d22cb1f.jpeg' ]
(node:5020) [DEP0005] DeprecationWarning: Buffer() is deprecated due to security and usability issues. Please use the Buffer.alloc(), Buffer.allocUnsafe(), or Buffer.from() methods instead.
(Use `node --trace-deprecation ...` to show where the warning was created)
Express server listening on port 3001
[*] Occurent some error... [validTypeImage] == false
GET / 200 3.769 ms - 487
GET /static/css/main.967b6dc5.css 200 1.522 ms - 166808
GET /static/js/main.2f776bc5.js 200 1.906 ms - 259264
GET /service-worker.js 200 0.854 ms - 3152
GET /manifest.json 304 0.953 ms - -
GET /static/css/main.967b6dc5.css.map 200 3.238 ms - 523164
GET /static/js/main.2f776bc5.js.map 200 2.960 ms - 828804
<ref *2> IncomingMessage {
  _readableState: ReadableState {
    objectMode: false,
    highWaterMark: 16384,
    buffer: BufferList { head: null, tail: null, length: 0 },
    length: 0,
    pipes: [],
    flowing: null,
    ended: false,
    endEmitted: false,
    reading: false,
    constructed: true,
    sync: true,
    needReadable: false,
    emittedReadable: false,
    readableListening: false,
    resumeScheduled: false,
    errorEmitted: false,
    emitClose: true,
    autoDestroy: true,
    destroyed: false,
    errored: null,
    closed: false,
    closeEmitted: false,
    defaultEncoding: 'utf8',
    awaitDrainWriters: null,
    multiAwaitDrain: false,
    readingMore: true,
    dataEmitted: false,
    decoder: null,
    encoding: null,
    [Symbol(kPaused)]: null
  },
  _events: [Object: null prototype] { end: [Function: clearRequestTimeout] },
  _eventsCount: 1,
  _maxListeners: undefined,
  socket: <ref *1> Socket {
    connecting: false,
    _hadError: false,
    _parent: null,
    _host: null,
    _readableState: ReadableState {
      objectMode: false,
      highWaterMark: 16384,
      buffer: BufferList { head: null, tail: null, length: 0 },
      length: 0,
      pipes: [],
      flowing: true,
      ended: false,
      endEmitted: false,
      reading: true,
      constructed: true,
      sync: false,
      needReadable: true,
      emittedReadable: false,
      readableListening: false,
      resumeScheduled: false,
      errorEmitted: false,
      emitClose: false,
      autoDestroy: true,
      destroyed: false,
      errored: null,
      closed: false,
      closeEmitted: false,
      defaultEncoding: 'utf8',
      awaitDrainWriters: null,
      multiAwaitDrain: false,
      readingMore: false,
      dataEmitted: false,
      decoder: null,
      encoding: null,
      [Symbol(kPaused)]: false
    },
    _events: [Object: null prototype] {
      end: [Array],
      timeout: [Function: socketOnTimeout],
      data: [Function: bound socketOnData],
      error: [Array],
      close: [Array],
      drain: [Function: bound socketOnDrain],
      resume: [Function: onSocketResume],
      pause: [Function: onSocketPause]
    },
    _eventsCount: 8,
    _maxListeners: undefined,
    _writableState: WritableState {
      objectMode: false,
      highWaterMark: 16384,
      finalCalled: false,
      needDrain: false,
      ending: false,
      ended: false,
      finished: false,
      destroyed: false,
      decodeStrings: false,
      defaultEncoding: 'utf8',
      length: 0,
      writing: false,
      corked: 0,
      sync: true,
      bufferProcessing: false,
      onwrite: [Function: bound onwrite],
      writecb: null,
      writelen: 0,
      afterWriteTickInfo: null,
      buffered: [],
      bufferedIndex: 0,
      allBuffers: true,
      allNoop: true,
      pendingcb: 0,
      constructed: true,
      prefinished: false,
      errorEmitted: false,
      emitClose: false,
      autoDestroy: true,
      errored: null,
      closed: false,
      closeEmitted: false,
      [Symbol(kOnFinished)]: []
    },
    allowHalfOpen: true,
    _sockname: null,
    _pendingData: null,
    _pendingEncoding: '',
    server: Server {
      maxHeaderSize: undefined,
      insecureHTTPParser: undefined,
      _events: [Object: null prototype],
      _eventsCount: 2,
      _maxListeners: undefined,
      _connections: 1,
      _handle: [TCP],
      _usingWorkers: false,
      _workers: [],
      _unref: false,
      allowHalfOpen: true,
      pauseOnConnect: false,
      httpAllowHalfOpen: false,
      timeout: 0,
      keepAliveTimeout: 5000,
      maxHeadersCount: null,
      maxRequestsPerSocket: 0,
      headersTimeout: 60000,
      requestTimeout: 0,
      _connectionKey: '6::::3001',
      [Symbol(IncomingMessage)]: [Function: IncomingMessage],
      [Symbol(ServerResponse)]: [Function: ServerResponse],
      [Symbol(kCapture)]: false,
      [Symbol(async_id_symbol)]: 7
    },
    _server: Server {
      maxHeaderSize: undefined,
      insecureHTTPParser: undefined,
      _events: [Object: null prototype],
      _eventsCount: 2,
      _maxListeners: undefined,
      _connections: 1,
      _handle: [TCP],
      _usingWorkers: false,
      _workers: [],
      _unref: false,
      allowHalfOpen: true,
      pauseOnConnect: false,
      httpAllowHalfOpen: false,
      timeout: 0,
      keepAliveTimeout: 5000,
      maxHeadersCount: null,
      maxRequestsPerSocket: 0,
      headersTimeout: 60000,
      requestTimeout: 0,
      _connectionKey: '6::::3001',
      [Symbol(IncomingMessage)]: [Function: IncomingMessage],
      [Symbol(ServerResponse)]: [Function: ServerResponse],
      [Symbol(kCapture)]: false,
      [Symbol(async_id_symbol)]: 7
    },
    parser: HTTPParser {
      '0': [Function: bound setRequestTimeout],
      '1': [Function: parserOnHeaders],
      '2': [Function: parserOnHeadersComplete],
      '3': [Function: parserOnBody],
      '4': [Function: parserOnMessageComplete],
      '5': [Function: bound onParserExecute],
      '6': [Function: bound onParserTimeout],
      _headers: [],
      _url: '',
      socket: [Circular *1],
      incoming: [Circular *2],
      outgoing: null,
      maxHeaderPairs: 2000,
      _consumed: true,
      onIncoming: [Function: bound parserOnIncoming],
      [Symbol(owner_symbol)]: [HTTPServerAsyncResource]
    },
    on: [Function: socketListenerWrap],
    addListener: [Function: socketListenerWrap],
    prependListener: [Function: socketListenerWrap],
    setEncoding: [Function: socketSetEncoding],
    _paused: false,
    _httpMessage: ServerResponse {
      _events: [Object: null prototype],
      _eventsCount: 2,
      _maxListeners: undefined,
      outputData: [],
      outputSize: 0,
      writable: true,
      destroyed: false,
      _last: false,
      chunkedEncoding: false,
      shouldKeepAlive: true,
      maxRequestsOnConnectionReached: false,
      _defaultKeepAlive: true,
      useChunkedEncodingByDefault: true,
      sendDate: true,
      _removedConnection: false,
      _removedContLen: false,
      _removedTE: false,
      _contentLength: null,
      _hasBody: true,
      _trailer: '',
      finished: false,
      _headerSent: false,
      _closed: false,
      socket: [Circular *1],
      _header: null,
      _keepAliveTimeout: 5000,
      _onPendingData: [Function: bound updateOutgoingData],
      req: [Circular *2],
      _sent100: false,
      _expect_continue: false,
      locals: [Object: null prototype] {},
      _startAt: undefined,
      _startTime: undefined,
      writeHead: [Function: writeHead],
      __onFinished: [Function],
      [Symbol(kCapture)]: false,
      [Symbol(kNeedDrain)]: false,
      [Symbol(corked)]: 0,
      [Symbol(kOutHeaders)]: [Object: null prototype]
    },
    _peername: { address: '::1', family: 'IPv6', port: 63968 },
    [Symbol(async_id_symbol)]: 297,
    [Symbol(kHandle)]: TCP {
      reading: true,
      onconnection: null,
      _consumed: true,
      [Symbol(owner_symbol)]: [Circular *1]
    },
    [Symbol(kSetNoDelay)]: false,
    [Symbol(lastWriteQueueSize)]: 0,
    [Symbol(timeout)]: null,
    [Symbol(kBuffer)]: null,
    [Symbol(kBufferCb)]: null,
    [Symbol(kBufferGen)]: null,
    [Symbol(kCapture)]: false,
    [Symbol(kBytesRead)]: 0,
    [Symbol(kBytesWritten)]: 0,
    [Symbol(RequestTimeout)]: undefined
  },
  httpVersionMajor: 1,
  httpVersionMinor: 1,
  httpVersion: '1.1',
  complete: false,
  rawHeaders: [
    'Host',
    'localhost:3001',
    'Connection',
    'keep-alive',
    'Content-Length',
    '26',
    'sec-ch-ua',
    '" Not;A Brand";v="99", "Google Chrome";v="97", "Chromium";v="97"',
    'sec-ch-ua-mobile',
    '?0',
    'User-Agent',
    'Mozilla/5.0 (Windows NT 10.0; Win64; x64) AppleWebKit/537.36 (KHTML, like Gecko) Chrome/97.0.4692.99 Safari/537.36',
    'sec-ch-ua-platform',
    '"Windows"',
    'Content-Type',
    'text/plain;charset=UTF-8',
    'Accept',
    '*/*',
    'Origin',
    'http://localhost:3001',
    'Sec-Fetch-Site',
    'same-origin',
    'Sec-Fetch-Mode',
    'cors',
    'Sec-Fetch-Dest',
    'empty',
    'Referer',
    'http://localhost:3001/',
    'Accept-Encoding',
    'gzip, deflate, br',
    'Accept-Language',
    'ru-RU,ru;q=0.9,en-US;q=0.8,en;q=0.7'
  ],
  rawTrailers: [],
  aborted: false,
  upgrade: false,
  url: '/sendImg',
  method: 'POST',
  statusCode: null,
  statusMessage: null,
  client: <ref *1> Socket {
    connecting: false,
    _hadError: false,
    _parent: null,
    _host: null,
    _readableState: ReadableState {
      objectMode: false,
      highWaterMark: 16384,
      buffer: BufferList { head: null, tail: null, length: 0 },
      length: 0,
      pipes: [],
      flowing: true,
      ended: false,
      endEmitted: false,
      reading: true,
      constructed: true,
      sync: false,
      needReadable: true,
      emittedReadable: false,
      readableListening: false,
      resumeScheduled: false,
      errorEmitted: false,
      emitClose: false,
      autoDestroy: true,
      destroyed: false,
      errored: null,
      closed: false,
      closeEmitted: false,
      defaultEncoding: 'utf8',
      awaitDrainWriters: null,
      multiAwaitDrain: false,
      readingMore: false,
      dataEmitted: false,
      decoder: null,
      encoding: null,
      [Symbol(kPaused)]: false
    },
    _events: [Object: null prototype] {
      end: [Array],
      timeout: [Function: socketOnTimeout],
      data: [Function: bound socketOnData],
      error: [Array],
      close: [Array],
      drain: [Function: bound socketOnDrain],
      resume: [Function: onSocketResume],
      pause: [Function: onSocketPause]
    },
    _eventsCount: 8,
    _maxListeners: undefined,
    _writableState: WritableState {
      objectMode: false,
      highWaterMark: 16384,
      finalCalled: false,
      needDrain: false,
      ending: false,
      ended: false,
      finished: false,
      destroyed: false,
      decodeStrings: false,
      defaultEncoding: 'utf8',
      length: 0,
      writing: false,
      corked: 0,
      sync: true,
      bufferProcessing: false,
      onwrite: [Function: bound onwrite],
      writecb: null,
      writelen: 0,
      afterWriteTickInfo: null,
      buffered: [],
      bufferedIndex: 0,
      allBuffers: true,
      allNoop: true,
      pendingcb: 0,
      constructed: true,
      prefinished: false,
      errorEmitted: false,
      emitClose: false,
      autoDestroy: true,
      errored: null,
      closed: false,
      closeEmitted: false,
      [Symbol(kOnFinished)]: []
    },
    allowHalfOpen: true,
    _sockname: null,
    _pendingData: null,
    _pendingEncoding: '',
    server: Server {
      maxHeaderSize: undefined,
      insecureHTTPParser: undefined,
      _events: [Object: null prototype],
      _eventsCount: 2,
      _maxListeners: undefined,
      _connections: 1,
      _handle: [TCP],
      _usingWorkers: false,
      _workers: [],
      _unref: false,
      allowHalfOpen: true,
      pauseOnConnect: false,
      httpAllowHalfOpen: false,
      timeout: 0,
      keepAliveTimeout: 5000,
      maxHeadersCount: null,
      maxRequestsPerSocket: 0,
      headersTimeout: 60000,
      requestTimeout: 0,
      _connectionKey: '6::::3001',
      [Symbol(IncomingMessage)]: [Function: IncomingMessage],
      [Symbol(ServerResponse)]: [Function: ServerResponse],
      [Symbol(kCapture)]: false,
      [Symbol(async_id_symbol)]: 7
    },
    _server: Server {
      maxHeaderSize: undefined,
      insecureHTTPParser: undefined,
      _events: [Object: null prototype],
      _eventsCount: 2,
      _maxListeners: undefined,
      _connections: 1,
      _handle: [TCP],
      _usingWorkers: false,
      _workers: [],
      _unref: false,
      allowHalfOpen: true,
      pauseOnConnect: false,
      httpAllowHalfOpen: false,
      timeout: 0,
      keepAliveTimeout: 5000,
      maxHeadersCount: null,
      maxRequestsPerSocket: 0,
      headersTimeout: 60000,
      requestTimeout: 0,
      _connectionKey: '6::::3001',
      [Symbol(IncomingMessage)]: [Function: IncomingMessage],
      [Symbol(ServerResponse)]: [Function: ServerResponse],
      [Symbol(kCapture)]: false,
      [Symbol(async_id_symbol)]: 7
    },
    parser: HTTPParser {
      '0': [Function: bound setRequestTimeout],
      '1': [Function: parserOnHeaders],
      '2': [Function: parserOnHeadersComplete],
      '3': [Function: parserOnBody],
      '4': [Function: parserOnMessageComplete],
      '5': [Function: bound onParserExecute],
      '6': [Function: bound onParserTimeout],
      _headers: [],
      _url: '',
      socket: [Circular *1],
      incoming: [Circular *2],
      outgoing: null,
      maxHeaderPairs: 2000,
      _consumed: true,
      onIncoming: [Function: bound parserOnIncoming],
      [Symbol(owner_symbol)]: [HTTPServerAsyncResource]
    },
    on: [Function: socketListenerWrap],
    addListener: [Function: socketListenerWrap],
    prependListener: [Function: socketListenerWrap],
    setEncoding: [Function: socketSetEncoding],
    _paused: false,
    _httpMessage: ServerResponse {
      _events: [Object: null prototype],
      _eventsCount: 2,
      _maxListeners: undefined,
      outputData: [],
      outputSize: 0,
      writable: true,
      destroyed: false,
      _last: false,
      chunkedEncoding: false,
      shouldKeepAlive: true,
      maxRequestsOnConnectionReached: false,
      _defaultKeepAlive: true,
      useChunkedEncodingByDefault: true,
      sendDate: true,
      _removedConnection: false,
      _removedContLen: false,
      _removedTE: false,
      _contentLength: null,
      _hasBody: true,
      _trailer: '',
      finished: false,
      _headerSent: false,
      _closed: false,
      socket: [Circular *1],
      _header: null,
      _keepAliveTimeout: 5000,
      _onPendingData: [Function: bound updateOutgoingData],
      req: [Circular *2],
      _sent100: false,
      _expect_continue: false,
      locals: [Object: null prototype] {},
      _startAt: undefined,
      _startTime: undefined,
      writeHead: [Function: writeHead],
      __onFinished: [Function],
      [Symbol(kCapture)]: false,
      [Symbol(kNeedDrain)]: false,
      [Symbol(corked)]: 0,
      [Symbol(kOutHeaders)]: [Object: null prototype]
    },
    _peername: { address: '::1', family: 'IPv6', port: 63968 },
    [Symbol(async_id_symbol)]: 297,
    [Symbol(kHandle)]: TCP {
      reading: true,
      onconnection: null,
      _consumed: true,
      [Symbol(owner_symbol)]: [Circular *1]
    },
    [Symbol(kSetNoDelay)]: false,
    [Symbol(lastWriteQueueSize)]: 0,
    [Symbol(timeout)]: null,
    [Symbol(kBuffer)]: null,
    [Symbol(kBufferCb)]: null,
    [Symbol(kBufferGen)]: null,
    [Symbol(kCapture)]: false,
    [Symbol(kBytesRead)]: 0,
    [Symbol(kBytesWritten)]: 0,
    [Symbol(RequestTimeout)]: undefined
  },
  _consuming: false,
  _dumped: false,
  next: [Function: next],
  baseUrl: '',
  originalUrl: '/sendImg',
  _parsedUrl: Url {
    protocol: null,
    slashes: null,
    auth: null,
    host: null,
    port: null,
    hostname: null,
    hash: null,
    search: null,
    query: null,
    pathname: '/sendImg',
    path: '/sendImg',
    href: '/sendImg',
    _raw: '/sendImg'
  },
  params: {},
  query: {},
  res: <ref *3> ServerResponse {
    _events: [Object: null prototype] {
      finish: [Array],
      end: [Function: onevent]
    },
    _eventsCount: 2,
    _maxListeners: undefined,
    outputData: [],
    outputSize: 0,
    writable: true,
    destroyed: false,
    _last: false,
    chunkedEncoding: false,
    shouldKeepAlive: true,
    maxRequestsOnConnectionReached: false,
    _defaultKeepAlive: true,
    useChunkedEncodingByDefault: true,
    sendDate: true,
    _removedConnection: false,
    _removedContLen: false,
    _removedTE: false,
    _contentLength: null,
    _hasBody: true,
    _trailer: '',
    finished: false,
    _headerSent: false,
    _closed: false,
    socket: <ref *1> Socket {
      connecting: false,
      _hadError: false,
      _parent: null,
      _host: null,
      _readableState: [ReadableState],
      _events: [Object: null prototype],
      _eventsCount: 8,
      _maxListeners: undefined,
      _writableState: [WritableState],
      allowHalfOpen: true,
      _sockname: null,
      _pendingData: null,
      _pendingEncoding: '',
      server: [Server],
      _server: [Server],
      parser: [HTTPParser],
      on: [Function: socketListenerWrap],
      addListener: [Function: socketListenerWrap],
      prependListener: [Function: socketListenerWrap],
      setEncoding: [Function: socketSetEncoding],
      _paused: false,
      _httpMessage: [Circular *3],
      _peername: [Object],
      [Symbol(async_id_symbol)]: 297,
      [Symbol(kHandle)]: [TCP],
      [Symbol(kSetNoDelay)]: false,
      [Symbol(lastWriteQueueSize)]: 0,
      [Symbol(timeout)]: null,
      [Symbol(kBuffer)]: null,
      [Symbol(kBufferCb)]: null,
      [Symbol(kBufferGen)]: null,
      [Symbol(kCapture)]: false,
      [Symbol(kBytesRead)]: 0,
      [Symbol(kBytesWritten)]: 0,
      [Symbol(RequestTimeout)]: undefined
    },
    _header: null,
    _keepAliveTimeout: 5000,
    _onPendingData: [Function: bound updateOutgoingData],
    req: [Circular *2],
    _sent100: false,
    _expect_continue: false,
    locals: [Object: null prototype] {},
    _startAt: undefined,
    _startTime: undefined,
    writeHead: [Function: writeHead],
    __onFinished: [Function: listener] { queue: [Array] },
    [Symbol(kCapture)]: false,
    [Symbol(kNeedDrain)]: false,
    [Symbol(corked)]: 0,
    [Symbol(kOutHeaders)]: [Object: null prototype] { 'x-powered-by': [Array] }
  },
  _startAt: [ 256642, 920256000 ],
  _startTime: 2022-02-10T07:32:47.438Z,
  _remoteAddress: '::1',
  body: {},
  originalMethod: 'POST',
  route: Route {
    path: '/sendImg',
    stack: [ [Layer] ],
    methods: { post: true }
  },
  [Symbol(kCapture)]: false,
  [Symbol(kHeaders)]: {
    host: 'localhost:3001',
    connection: 'keep-alive',
    'content-length': '26',
    'sec-ch-ua': '" Not;A Brand";v="99", "Google Chrome";v="97", "Chromium";v="97"',
    'sec-ch-ua-mobile': '?0',
    'user-agent': 'Mozilla/5.0 (Windows NT 10.0; Win64; x64) AppleWebKit/537.36 (KHTML, like Gecko) Chrome/97.0.4692.99 Safari/537.36',
    'sec-ch-ua-platform': '"Windows"',
    'content-type': 'text/plain;charset=UTF-8',
    accept: '*/*',
    origin: 'http://localhost:3001',
    'sec-fetch-site': 'same-origin',
    'sec-fetch-mode': 'cors',
    'sec-fetch-dest': 'empty',
    referer: 'http://localhost:3001/',
    'accept-encoding': 'gzip, deflate, br',
    'accept-language': 'ru-RU,ru;q=0.9,en-US;q=0.8,en;q=0.7'
  },
  [Symbol(kHeadersCount)]: 32,
  [Symbol(kTrailers)]: null,
  [Symbol(kTrailersCount)]: 0,
  [Symbol(RequestTimeout)]: undefined
}
Завершить выполнение пакетного файла [Y(да)/N(нет)]?
^C
C:\Users\Pupil\Desktop\proj\projectUfanet>cd client

C:\Users\Pupil\Desktop\proj\projectUfanet\client>npm run build

> nodebootstraper-client@0.2.0 build
> react-scripts build

Creating an optimized production build...
Compiled successfully.

File sizes after gzip:

  78.7 kB (-9 B)  build\static\js\main.980d7e64.js
  24.44 kB        build\static\css\main.967b6dc5.css

The project was built assuming it is hosted at /.
You can control this with the homepage field in your package.json.

The build folder is ready to be deployed.
You may serve it with a static server:

  npm install -g serve
  serve -s build

Find out more about deployment here:

  https://cra.link/deployment


C:\Users\Pupil\Desktop\proj\projectUfanet\client>cd ..

C:\Users\Pupil\Desktop\proj\projectUfanet>npm start

> nodebootstraper@5.0.0 start
> node app.js

[ '003cdb552a234eea78c38ce18d22cb1f.jpeg' ]
(node:14712) [DEP0005] DeprecationWarning: Buffer() is deprecated due to security and usability issues. Please use the Buffer.alloc(), Buffer.allocUnsafe(), or Buffer.from() methods instead.
(Use `node --trace-deprecation ...` to show where the warning was created)
Express server listening on port 3001
[*] Occurent some error... [validTypeImage] == false
GET / 200 3.867 ms - 487
GET /static/css/main.967b6dc5.css 200 1.299 ms - 166808
GET /static/js/main.980d7e64.js 200 1.536 ms - 259241
GET /static/css/main.967b6dc5.css.map 200 0.577 ms - 523164
GET /service-worker.js 200 1.264 ms - 3152
GET /static/js/main.980d7e64.js.map 200 1.526 ms - 828809
GET /manifest.json 304 0.694 ms - -
<ref *2> IncomingMessage {
  _readableState: ReadableState {
    objectMode: false,
    highWaterMark: 16384,
    buffer: BufferList { head: null, tail: null, length: 0 },
    length: 0,
    pipes: [],
    flowing: null,
    ended: false,
    endEmitted: false,
    reading: false,
    constructed: true,
    sync: true,
    needReadable: false,
    emittedReadable: false,
    readableListening: false,
    resumeScheduled: false,
    errorEmitted: false,
    emitClose: true,
    autoDestroy: true,
    destroyed: false,
    errored: null,
    closed: false,
    closeEmitted: false,
    defaultEncoding: 'utf8',
    awaitDrainWriters: null,
    multiAwaitDrain: false,
    readingMore: true,
    dataEmitted: false,
    decoder: null,
    encoding: null,
    [Symbol(kPaused)]: null
  },
  _events: [Object: null prototype] { end: [Function: clearRequestTimeout] },
  _eventsCount: 1,
  _maxListeners: undefined,
  socket: <ref *1> Socket {
    connecting: false,
    _hadError: false,
    _parent: null,
    _host: null,
    _readableState: ReadableState {
      objectMode: false,
      highWaterMark: 16384,
      buffer: BufferList { head: null, tail: null, length: 0 },
      length: 0,
      pipes: [],
      flowing: true,
      ended: false,
      endEmitted: false,
      reading: true,
      constructed: true,
      sync: false,
      needReadable: true,
      emittedReadable: false,
      readableListening: false,
      resumeScheduled: false,
      errorEmitted: false,
      emitClose: false,
      autoDestroy: true,
      destroyed: false,
      errored: null,
      closed: false,
      closeEmitted: false,
      defaultEncoding: 'utf8',
      awaitDrainWriters: null,
      multiAwaitDrain: false,
      readingMore: false,
      dataEmitted: false,
      decoder: null,
      encoding: null,
      [Symbol(kPaused)]: false
    },
    _events: [Object: null prototype] {
      end: [Array],
      timeout: [Function: socketOnTimeout],
      data: [Function: bound socketOnData],
      error: [Array],
      close: [Array],
      drain: [Function: bound socketOnDrain],
      resume: [Function: onSocketResume],
      pause: [Function: onSocketPause]
    },
    _eventsCount: 8,
    _maxListeners: undefined,
    _writableState: WritableState {
      objectMode: false,
      highWaterMark: 16384,
      finalCalled: false,
      needDrain: false,
      ending: false,
      ended: false,
      finished: false,
      destroyed: false,
      decodeStrings: false,
      defaultEncoding: 'utf8',
      length: 0,
      writing: false,
      corked: 0,
      sync: true,
      bufferProcessing: false,
      onwrite: [Function: bound onwrite],
      writecb: null,
      writelen: 0,
      afterWriteTickInfo: null,
      buffered: [],
      bufferedIndex: 0,
      allBuffers: true,
      allNoop: true,
      pendingcb: 0,
      constructed: true,
      prefinished: false,
      errorEmitted: false,
      emitClose: false,
      autoDestroy: true,
      errored: null,
      closed: false,
      closeEmitted: false,
      [Symbol(kOnFinished)]: []
    },
    allowHalfOpen: true,
    _sockname: null,
    _pendingData: null,
    _pendingEncoding: '',
    server: Server {
      maxHeaderSize: undefined,
      insecureHTTPParser: undefined,
      _events: [Object: null prototype],
      _eventsCount: 2,
      _maxListeners: undefined,
      _connections: 1,
      _handle: [TCP],
      _usingWorkers: false,
      _workers: [],
      _unref: false,
      allowHalfOpen: true,
      pauseOnConnect: false,
      httpAllowHalfOpen: false,
      timeout: 0,
      keepAliveTimeout: 5000,
      maxHeadersCount: null,
      maxRequestsPerSocket: 0,
      headersTimeout: 60000,
      requestTimeout: 0,
      _connectionKey: '6::::3001',
      [Symbol(IncomingMessage)]: [Function: IncomingMessage],
      [Symbol(ServerResponse)]: [Function: ServerResponse],
      [Symbol(kCapture)]: false,
      [Symbol(async_id_symbol)]: 7
    },
    _server: Server {
      maxHeaderSize: undefined,
      insecureHTTPParser: undefined,
      _events: [Object: null prototype],
      _eventsCount: 2,
      _maxListeners: undefined,
      _connections: 1,
      _handle: [TCP],
      _usingWorkers: false,
      _workers: [],
      _unref: false,
      allowHalfOpen: true,
      pauseOnConnect: false,
      httpAllowHalfOpen: false,
      timeout: 0,
      keepAliveTimeout: 5000,
      maxHeadersCount: null,
      maxRequestsPerSocket: 0,
      headersTimeout: 60000,
      requestTimeout: 0,
      _connectionKey: '6::::3001',
      [Symbol(IncomingMessage)]: [Function: IncomingMessage],
      [Symbol(ServerResponse)]: [Function: ServerResponse],
      [Symbol(kCapture)]: false,
      [Symbol(async_id_symbol)]: 7
    },
    parser: HTTPParser {
      '0': [Function: bound setRequestTimeout],
      '1': [Function: parserOnHeaders],
      '2': [Function: parserOnHeadersComplete],
      '3': [Function: parserOnBody],
      '4': [Function: parserOnMessageComplete],
      '5': [Function: bound onParserExecute],
      '6': [Function: bound onParserTimeout],
      _headers: [],
      _url: '',
      socket: [Circular *1],
      incoming: [Circular *2],
      outgoing: null,
      maxHeaderPairs: 2000,
      _consumed: true,
      onIncoming: [Function: bound parserOnIncoming],
      [Symbol(owner_symbol)]: [HTTPServerAsyncResource]
    },
    on: [Function: socketListenerWrap],
    addListener: [Function: socketListenerWrap],
    prependListener: [Function: socketListenerWrap],
    setEncoding: [Function: socketSetEncoding],
    _paused: false,
    _httpMessage: ServerResponse {
      _events: [Object: null prototype],
      _eventsCount: 2,
      _maxListeners: undefined,
      outputData: [],
      outputSize: 0,
      writable: true,
      destroyed: false,
      _last: false,
      chunkedEncoding: false,
      shouldKeepAlive: true,
      maxRequestsOnConnectionReached: false,
      _defaultKeepAlive: true,
      useChunkedEncodingByDefault: true,
      sendDate: true,
      _removedConnection: false,
      _removedContLen: false,
      _removedTE: false,
      _contentLength: null,
      _hasBody: true,
      _trailer: '',
      finished: false,
      _headerSent: false,
      _closed: false,
      socket: [Circular *1],
      _header: null,
      _keepAliveTimeout: 5000,
      _onPendingData: [Function: bound updateOutgoingData],
      req: [Circular *2],
      _sent100: false,
      _expect_continue: false,
      locals: [Object: null prototype] {},
      _startAt: undefined,
      _startTime: undefined,
      writeHead: [Function: writeHead],
      __onFinished: [Function],
      [Symbol(kCapture)]: false,
      [Symbol(kNeedDrain)]: false,
      [Symbol(corked)]: 0,
      [Symbol(kOutHeaders)]: [Object: null prototype]
    },
    _peername: { address: '::1', family: 'IPv6', port: 64063 },
    [Symbol(async_id_symbol)]: 293,
    [Symbol(kHandle)]: TCP {
      reading: true,
      onconnection: null,
      _consumed: true,
      [Symbol(owner_symbol)]: [Circular *1]
    },
    [Symbol(kSetNoDelay)]: false,
    [Symbol(lastWriteQueueSize)]: 0,
    [Symbol(timeout)]: null,
    [Symbol(kBuffer)]: null,
    [Symbol(kBufferCb)]: null,
    [Symbol(kBufferGen)]: null,
    [Symbol(kCapture)]: false,
    [Symbol(kBytesRead)]: 0,
    [Symbol(kBytesWritten)]: 0,
    [Symbol(RequestTimeout)]: undefined
  },
  httpVersionMajor: 1,
  httpVersionMinor: 1,
  httpVersion: '1.1',
  complete: false,
  rawHeaders: [
    'Host',
    'localhost:3001',
    'Connection',
    'keep-alive',
    'Content-Length',
    '24',
    'sec-ch-ua',
    '" Not;A Brand";v="99", "Google Chrome";v="97", "Chromium";v="97"',
    'sec-ch-ua-mobile',
    '?0',
    'User-Agent',
    'Mozilla/5.0 (Windows NT 10.0; Win64; x64) AppleWebKit/537.36 (KHTML, like Gecko) Chrome/97.0.4692.99 Safari/537.36',
    'sec-ch-ua-platform',
    '"Windows"',
    'Content-Type',
    'text/plain;charset=UTF-8',
    'Accept',
    '*/*',
    'Origin',
    'http://localhost:3001',
    'Sec-Fetch-Site',
    'same-origin',
    'Sec-Fetch-Mode',
    'cors',
    'Sec-Fetch-Dest',
    'empty',
    'Referer',
    'http://localhost:3001/',
    'Accept-Encoding',
    'gzip, deflate, br',
    'Accept-Language',
    'ru-RU,ru;q=0.9,en-US;q=0.8,en;q=0.7'
  ],
  rawTrailers: [],
  aborted: false,
  upgrade: false,
  url: '/sendImg',
  method: 'POST',
  statusCode: null,
  statusMessage: null,
  client: <ref *1> Socket {
    connecting: false,
    _hadError: false,
    _parent: null,
    _host: null,
    _readableState: ReadableState {
      objectMode: false,
      highWaterMark: 16384,
      buffer: BufferList { head: null, tail: null, length: 0 },
      length: 0,
      pipes: [],
      flowing: true,
      ended: false,
      endEmitted: false,
      reading: true,
      constructed: true,
      sync: false,
      needReadable: true,
      emittedReadable: false,
      readableListening: false,
      resumeScheduled: false,
      errorEmitted: false,
      emitClose: false,
      autoDestroy: true,
      destroyed: false,
      errored: null,
      closed: false,
      closeEmitted: false,
      defaultEncoding: 'utf8',
      awaitDrainWriters: null,
      multiAwaitDrain: false,
      readingMore: false,
      dataEmitted: false,
      decoder: null,
      encoding: null,
      [Symbol(kPaused)]: false
    },
    _events: [Object: null prototype] {
      end: [Array],
      timeout: [Function: socketOnTimeout],
      data: [Function: bound socketOnData],
      error: [Array],
      close: [Array],
      drain: [Function: bound socketOnDrain],
      resume: [Function: onSocketResume],
      pause: [Function: onSocketPause]
    },
    _eventsCount: 8,
    _maxListeners: undefined,
    _writableState: WritableState {
      objectMode: false,
      highWaterMark: 16384,
      finalCalled: false,
      needDrain: false,
      ending: false,
      ended: false,
      finished: false,
      destroyed: false,
      decodeStrings: false,
      defaultEncoding: 'utf8',
      length: 0,
      writing: false,
      corked: 0,
      sync: true,
      bufferProcessing: false,
      onwrite: [Function: bound onwrite],
      writecb: null,
      writelen: 0,
      afterWriteTickInfo: null,
      buffered: [],
      bufferedIndex: 0,
      allBuffers: true,
      allNoop: true,
      pendingcb: 0,
      constructed: true,
      prefinished: false,
      errorEmitted: false,
      emitClose: false,
      autoDestroy: true,
      errored: null,
      closed: false,
      closeEmitted: false,
      [Symbol(kOnFinished)]: []
    },
    allowHalfOpen: true,
    _sockname: null,
    _pendingData: null,
    _pendingEncoding: '',
    server: Server {
      maxHeaderSize: undefined,
      insecureHTTPParser: undefined,
      _events: [Object: null prototype],
      _eventsCount: 2,
      _maxListeners: undefined,
      _connections: 1,
      _handle: [TCP],
      _usingWorkers: false,
      _workers: [],
      _unref: false,
      allowHalfOpen: true,
      pauseOnConnect: false,
      httpAllowHalfOpen: false,
      timeout: 0,
      keepAliveTimeout: 5000,
      maxHeadersCount: null,
      maxRequestsPerSocket: 0,
      headersTimeout: 60000,
      requestTimeout: 0,
      _connectionKey: '6::::3001',
      [Symbol(IncomingMessage)]: [Function: IncomingMessage],
      [Symbol(ServerResponse)]: [Function: ServerResponse],
      [Symbol(kCapture)]: false,
      [Symbol(async_id_symbol)]: 7
    },
    _server: Server {
      maxHeaderSize: undefined,
      insecureHTTPParser: undefined,
      _events: [Object: null prototype],
      _eventsCount: 2,
      _maxListeners: undefined,
      _connections: 1,
      _handle: [TCP],
      _usingWorkers: false,
      _workers: [],
      _unref: false,
      allowHalfOpen: true,
      pauseOnConnect: false,
      httpAllowHalfOpen: false,
      timeout: 0,
      keepAliveTimeout: 5000,
      maxHeadersCount: null,
      maxRequestsPerSocket: 0,
      headersTimeout: 60000,
      requestTimeout: 0,
      _connectionKey: '6::::3001',
      [Symbol(IncomingMessage)]: [Function: IncomingMessage],
      [Symbol(ServerResponse)]: [Function: ServerResponse],
      [Symbol(kCapture)]: false,
      [Symbol(async_id_symbol)]: 7
    },
    parser: HTTPParser {
      '0': [Function: bound setRequestTimeout],
      '1': [Function: parserOnHeaders],
      '2': [Function: parserOnHeadersComplete],
      '3': [Function: parserOnBody],
      '4': [Function: parserOnMessageComplete],
      '5': [Function: bound onParserExecute],
      '6': [Function: bound onParserTimeout],
      _headers: [],
      _url: '',
      socket: [Circular *1],
      incoming: [Circular *2],
      outgoing: null,
      maxHeaderPairs: 2000,
      _consumed: true,
      onIncoming: [Function: bound parserOnIncoming],
      [Symbol(owner_symbol)]: [HTTPServerAsyncResource]
    },
    on: [Function: socketListenerWrap],
    addListener: [Function: socketListenerWrap],
    prependListener: [Function: socketListenerWrap],
    setEncoding: [Function: socketSetEncoding],
    _paused: false,
    _httpMessage: ServerResponse {
      _events: [Object: null prototype],
      _eventsCount: 2,
      _maxListeners: undefined,
      outputData: [],
      outputSize: 0,
      writable: true,
      destroyed: false,
      _last: false,
      chunkedEncoding: false,
      shouldKeepAlive: true,
      maxRequestsOnConnectionReached: false,
      _defaultKeepAlive: true,
      useChunkedEncodingByDefault: true,
      sendDate: true,
      _removedConnection: false,
      _removedContLen: false,
      _removedTE: false,
      _contentLength: null,
      _hasBody: true,
      _trailer: '',
      finished: false,
      _headerSent: false,
      _closed: false,
      socket: [Circular *1],
      _header: null,
      _keepAliveTimeout: 5000,
      _onPendingData: [Function: bound updateOutgoingData],
      req: [Circular *2],
      _sent100: false,
      _expect_continue: false,
      locals: [Object: null prototype] {},
      _startAt: undefined,
      _startTime: undefined,
      writeHead: [Function: writeHead],
      __onFinished: [Function],
      [Symbol(kCapture)]: false,
      [Symbol(kNeedDrain)]: false,
      [Symbol(corked)]: 0,
      [Symbol(kOutHeaders)]: [Object: null prototype]
    },
    _peername: { address: '::1', family: 'IPv6', port: 64063 },
    [Symbol(async_id_symbol)]: 293,
    [Symbol(kHandle)]: TCP {
      reading: true,
      onconnection: null,
      _consumed: true,
      [Symbol(owner_symbol)]: [Circular *1]
    },
    [Symbol(kSetNoDelay)]: false,
    [Symbol(lastWriteQueueSize)]: 0,
    [Symbol(timeout)]: null,
    [Symbol(kBuffer)]: null,
    [Symbol(kBufferCb)]: null,
    [Symbol(kBufferGen)]: null,
    [Symbol(kCapture)]: false,
    [Symbol(kBytesRead)]: 0,
    [Symbol(kBytesWritten)]: 0,
    [Symbol(RequestTimeout)]: undefined
  },
  _consuming: false,
  _dumped: false,
  next: [Function: next],
  baseUrl: '',
  originalUrl: '/sendImg',
  _parsedUrl: Url {
    protocol: null,
    slashes: null,
    auth: null,
    host: null,
    port: null,
    hostname: null,
    hash: null,
    search: null,
    query: null,
    pathname: '/sendImg',
    path: '/sendImg',
    href: '/sendImg',
    _raw: '/sendImg'
  },
  params: {},
  query: {},
  res: <ref *3> ServerResponse {
    _events: [Object: null prototype] {
      finish: [Array],
      end: [Function: onevent]
    },
    _eventsCount: 2,
    _maxListeners: undefined,
    outputData: [],
    outputSize: 0,
    writable: true,
    destroyed: false,
    _last: false,
    chunkedEncoding: false,
    shouldKeepAlive: true,
    maxRequestsOnConnectionReached: false,
    _defaultKeepAlive: true,
    useChunkedEncodingByDefault: true,
    sendDate: true,
    _removedConnection: false,
    _removedContLen: false,
    _removedTE: false,
    _contentLength: null,
    _hasBody: true,
    _trailer: '',
    finished: false,
    _headerSent: false,
    _closed: false,
    socket: <ref *1> Socket {
      connecting: false,
      _hadError: false,
      _parent: null,
      _host: null,
      _readableState: [ReadableState],
      _events: [Object: null prototype],
      _eventsCount: 8,
      _maxListeners: undefined,
      _writableState: [WritableState],
      allowHalfOpen: true,
      _sockname: null,
      _pendingData: null,
      _pendingEncoding: '',
      server: [Server],
      _server: [Server],
      parser: [HTTPParser],
      on: [Function: socketListenerWrap],
      addListener: [Function: socketListenerWrap],
      prependListener: [Function: socketListenerWrap],
      setEncoding: [Function: socketSetEncoding],
      _paused: false,
      _httpMessage: [Circular *3],
      _peername: [Object],
      [Symbol(async_id_symbol)]: 293,
      [Symbol(kHandle)]: [TCP],
      [Symbol(kSetNoDelay)]: false,
      [Symbol(lastWriteQueueSize)]: 0,
      [Symbol(timeout)]: null,
      [Symbol(kBuffer)]: null,
      [Symbol(kBufferCb)]: null,
      [Symbol(kBufferGen)]: null,
      [Symbol(kCapture)]: false,
      [Symbol(kBytesRead)]: 0,
      [Symbol(kBytesWritten)]: 0,
      [Symbol(RequestTimeout)]: undefined
    },
    _header: null,
    _keepAliveTimeout: 5000,
    _onPendingData: [Function: bound updateOutgoingData],
    req: [Circular *2],
    _sent100: false,
    _expect_continue: false,
    locals: [Object: null prototype] {},
    _startAt: undefined,
    _startTime: undefined,
    writeHead: [Function: writeHead],
    __onFinished: [Function: listener] { queue: [Array] },
    [Symbol(kCapture)]: false,
    [Symbol(kNeedDrain)]: false,
    [Symbol(corked)]: 0,
    [Symbol(kOutHeaders)]: [Object: null prototype] { 'x-powered-by': [Array] }
  },
  _startAt: [ 256740, 178447800 ],
  _startTime: 2022-02-10T07:34:24.696Z,
  _remoteAddress: '::1',
  body: {},
  originalMethod: 'POST',
  route: Route {
    path: '/sendImg',
    stack: [ [Layer] ],
    methods: { post: true }
  },
  [Symbol(kCapture)]: false,
  [Symbol(kHeaders)]: {
    host: 'localhost:3001',
    connection: 'keep-alive',
    'content-length': '24',
    'sec-ch-ua': '" Not;A Brand";v="99", "Google Chrome";v="97", "Chromium";v="97"',
    'sec-ch-ua-mobile': '?0',
    'user-agent': 'Mozilla/5.0 (Windows NT 10.0; Win64; x64) AppleWebKit/537.36 (KHTML, like Gecko) Chrome/97.0.4692.99 Safari/537.36',
    'sec-ch-ua-platform': '"Windows"',
    'content-type': 'text/plain;charset=UTF-8',
    accept: '*/*',
    origin: 'http://localhost:3001',
    'sec-fetch-site': 'same-origin',
    'sec-fetch-mode': 'cors',
    'sec-fetch-dest': 'empty',
    referer: 'http://localhost:3001/',
    'accept-encoding': 'gzip, deflate, br',
    'accept-language': 'ru-RU,ru;q=0.9,en-US;q=0.8,en;q=0.7'
  },
  [Symbol(kHeadersCount)]: 32,
  [Symbol(kTrailers)]: null,
  [Symbol(kTrailersCount)]: 0,
  [Symbol(RequestTimeout)]: undefined
}
